Archive member included because of file (symbol)

C:\Users\krl\Documents\metropolia\kurssit\2016\k16_embedded_systems_programming\test\lpc_board_nxp_lpcxpresso_1549\Debug\liblpc_board_nxp_lpcxpresso_1549.a(board.o)
                              ./src/uart_test.o (Board_LED_Set)
C:\Users\krl\Documents\metropolia\kurssit\2016\k16_embedded_systems_programming\test\lpc_board_nxp_lpcxpresso_1549\Debug\liblpc_board_nxp_lpcxpresso_1549.a(board_sysinit.o)
                              ./src/sysinit.o (Board_SystemInit)
C:\Users\krl\Documents\metropolia\kurssit\2016\k16_embedded_systems_programming\test\lpc_chip_15xx\Debug\liblpc_chip_15xx.a(chip_15xx.o)
                              ./src/uart_test.o (SystemCoreClock)
C:\Users\krl\Documents\metropolia\kurssit\2016\k16_embedded_systems_programming\test\lpc_chip_15xx\Debug\liblpc_chip_15xx.a(clock_15xx.o)
                              ./src/SerialPort.o (Chip_Clock_GetMainClockRate)
C:\Users\krl\Documents\metropolia\kurssit\2016\k16_embedded_systems_programming\test\lpc_chip_15xx\Debug\liblpc_chip_15xx.a(gpio_15xx.o)
                              C:\Users\krl\Documents\metropolia\kurssit\2016\k16_embedded_systems_programming\test\lpc_board_nxp_lpcxpresso_1549\Debug\liblpc_board_nxp_lpcxpresso_1549.a(board.o) (Chip_GPIO_Init)
C:\Users\krl\Documents\metropolia\kurssit\2016\k16_embedded_systems_programming\test\lpc_chip_15xx\Debug\liblpc_chip_15xx.a(iocon_15xx.o)
                              C:\Users\krl\Documents\metropolia\kurssit\2016\k16_embedded_systems_programming\test\lpc_board_nxp_lpcxpresso_1549\Debug\liblpc_board_nxp_lpcxpresso_1549.a(board_sysinit.o) (Chip_IOCON_SetPinMuxing)
C:\Users\krl\Documents\metropolia\kurssit\2016\k16_embedded_systems_programming\test\lpc_chip_15xx\Debug\liblpc_chip_15xx.a(ring_buffer.o)
                              ./src/SerialPort.o (RingBuffer_Init)
C:\Users\krl\Documents\metropolia\kurssit\2016\k16_embedded_systems_programming\test\lpc_chip_15xx\Debug\liblpc_chip_15xx.a(swm_15xx.o)
                              ./src/SerialPort.o (Chip_SWM_MovablePinAssign)
C:\Users\krl\Documents\metropolia\kurssit\2016\k16_embedded_systems_programming\test\lpc_chip_15xx\Debug\liblpc_chip_15xx.a(sysctl_15xx.o)
                              C:\Users\krl\Documents\metropolia\kurssit\2016\k16_embedded_systems_programming\test\lpc_board_nxp_lpcxpresso_1549\Debug\liblpc_board_nxp_lpcxpresso_1549.a(board_sysinit.o) (Chip_SYSCTL_AssertPeriphReset)
C:\Users\krl\Documents\metropolia\kurssit\2016\k16_embedded_systems_programming\test\lpc_chip_15xx\Debug\liblpc_chip_15xx.a(sysinit_15xx.o)
                              C:\Users\krl\Documents\metropolia\kurssit\2016\k16_embedded_systems_programming\test\lpc_board_nxp_lpcxpresso_1549\Debug\liblpc_board_nxp_lpcxpresso_1549.a(board_sysinit.o) (Chip_SetupXtalClocking)
C:\Users\krl\Documents\metropolia\kurssit\2016\k16_embedded_systems_programming\test\lpc_chip_15xx\Debug\liblpc_chip_15xx.a(uart_15xx.o)
                              ./src/SerialPort.o (Chip_UART_Init)
c:/bin/lpcxpresso_8.0.0_526/lpcxpresso/tools/bin/../lib/gcc/arm-none-eabi/4.9.3/armv7-m\libgcc.a(_aeabi_uldivmod.o)
                              C:\Users\krl\Documents\metropolia\kurssit\2016\k16_embedded_systems_programming\test\lpc_chip_15xx\Debug\liblpc_chip_15xx.a(clock_15xx.o) (__aeabi_uldivmod)
c:/bin/lpcxpresso_8.0.0_526/lpcxpresso/tools/bin/../lib/gcc/arm-none-eabi/4.9.3/armv7-m\libgcc.a(bpabi.o)
                              c:/bin/lpcxpresso_8.0.0_526/lpcxpresso/tools/bin/../lib/gcc/arm-none-eabi/4.9.3/armv7-m\libgcc.a(_aeabi_uldivmod.o) (__gnu_uldivmod_helper)
c:/bin/lpcxpresso_8.0.0_526/lpcxpresso/tools/bin/../lib/gcc/arm-none-eabi/4.9.3/armv7-m\libgcc.a(_dvmd_tls.o)
                              c:/bin/lpcxpresso_8.0.0_526/lpcxpresso/tools/bin/../lib/gcc/arm-none-eabi/4.9.3/armv7-m\libgcc.a(_aeabi_uldivmod.o) (__aeabi_ldiv0)
c:/bin/lpcxpresso_8.0.0_526/lpcxpresso/tools/bin/../lib/gcc/arm-none-eabi/4.9.3/armv7-m\libgcc.a(_divdi3.o)
                              c:/bin/lpcxpresso_8.0.0_526/lpcxpresso/tools/bin/../lib/gcc/arm-none-eabi/4.9.3/armv7-m\libgcc.a(bpabi.o) (__divdi3)
c:/bin/lpcxpresso_8.0.0_526/lpcxpresso/tools/bin/../lib/gcc/arm-none-eabi/4.9.3/armv7-m\libgcc.a(_udivdi3.o)
                              c:/bin/lpcxpresso_8.0.0_526/lpcxpresso/tools/bin/../lib/gcc/arm-none-eabi/4.9.3/armv7-m\libgcc.a(bpabi.o) (__udivdi3)
c:/bin/lpcxpresso_8.0.0_526/lpcxpresso/tools/bin/../lib/gcc/arm-none-eabi/4.9.3/../../../../arm-none-eabi/lib/armv7-m\libc.a(lib_a-init.o)
                              ./src/cr_startup_lpc15xx.o (__libc_init_array)
c:/bin/lpcxpresso_8.0.0_526/lpcxpresso/tools/bin/../lib/gcc/arm-none-eabi/4.9.3/../../../../arm-none-eabi/lib/armv7-m\libc.a(lib_a-malloc.o)
                              ./src/cr_cpp_config.o (malloc)
c:/bin/lpcxpresso_8.0.0_526/lpcxpresso/tools/bin/../lib/gcc/arm-none-eabi/4.9.3/../../../../arm-none-eabi/lib/armv7-m\libc.a(lib_a-mallocr.o)
[...]
Memory Configuration

Name             Origin             Length             Attributes
MFlash256        0x00000000         0x00040000         xr
Ram0_16          0x02000000         0x00004000         xrw
Ram1_16          0x02004000         0x00004000         xrw
Ram2_4           0x02008000         0x00001000         xrw
*default*        0x00000000         0xffffffff

Linker script and memory map

LOAD ./src/ModbusMaster.o
LOAD ./src/SerialPort.o
LOAD ./src/cr_cpp_config.o
LOAD ./src/cr_startup_lpc15xx.o
LOAD ./src/crp.o
LOAD ./src/retarget_itm.o
LOAD ./src/sysinit.o
LOAD ./src/uart_test.o
LOAD C:\Users\krl\Documents\metropolia\kurssit\2016\k16_embedded_systems_programming\test\lpc_board_nxp_lpcxpresso_1549\Debug\liblpc_board_nxp_lpcxpresso_1549.a
LOAD C:\Users\krl\Documents\metropolia\kurssit\2016\k16_embedded_systems_programming\test\lpc_chip_15xx\Debug\liblpc_chip_15xx.a
START GROUP
LOAD c:/bin/lpcxpresso_8.0.0_526/lpcxpresso/tools/bin/../lib/gcc/arm-none-eabi/4.9.3/armv7-m\libgcc.a
LOAD c:/bin/lpcxpresso_8.0.0_526/lpcxpresso/tools/bin/../lib/gcc/arm-none-eabi/4.9.3/../../../../arm-none-eabi/lib/armv7-m\libc.a
LOAD c:/bin/lpcxpresso_8.0.0_526/lpcxpresso/tools/bin/../lib/gcc/arm-none-eabi/4.9.3/../../../../arm-none-eabi/lib/armv7-m\libstdc++.a
LOAD c:/bin/lpcxpresso_8.0.0_526/lpcxpresso/tools/bin/../lib/gcc/arm-none-eabi/4.9.3/../../../../arm-none-eabi/lib/armv7-m\libm.a
LOAD c:/bin/lpcxpresso_8.0.0_526/lpcxpresso/tools/bin/../lib/gcc/arm-none-eabi/4.9.3/../../../../arm-none-eabi/lib/armv7-m\libcr_newlib_nohost.a
LOAD c:/bin/lpcxpresso_8.0.0_526/lpcxpresso/tools/bin/../lib/gcc/arm-none-eabi/4.9.3/armv7-m\crti.o
LOAD c:/bin/lpcxpresso_8.0.0_526/lpcxpresso/tools/bin/../lib/gcc/arm-none-eabi/4.9.3/armv7-m\crtn.o
LOAD c:/bin/lpcxpresso_8.0.0_526/lpcxpresso/tools/bin/../lib/gcc/arm-none-eabi/4.9.3/armv7-m\crtbegin.o
LOAD c:/bin/lpcxpresso_8.0.0_526/lpcxpresso/tools/bin/../lib/gcc/arm-none-eabi/4.9.3/armv7-m\crtend.o
END GROUP
                0x00000000                __base_MFlash256 = 0x0
                0x00000000                __base_Flash = 0x0
                0x00040000                __top_MFlash256 = 0x40000
                0x00040000                __top_Flash = 0x40000
                0x02000000                __base_Ram0_16 = 0x2000000
                0x02000000                __base_RAM = 0x2000000
                0x02004000                __top_Ram0_16 = 0x2004000
                0x02004000                __top_RAM = 0x2004000
                0x02004000                __base_Ram1_16 = 0x2004000
                0x02004000                __base_RAM2 = 0x2004000
                0x02008000                __top_Ram1_16 = 0x2008000
                0x02008000                __top_RAM2 = 0x2008000
                0x02008000                __base_Ram2_4 = 0x2008000
                0x02008000                __base_RAM3 = 0x2008000
                0x02009000                __top_Ram2_4 = 0x2009000
                0x02009000                __top_RAM3 = 0x2009000

.text           0x00000000     0x82b4
 FILL mask 0xff
                0x00000000                __vectors_start__ = ABSOLUTE (.)
 *(.isr_vector)
 .isr_vector    0x00000000       0xfc ./src/cr_startup_lpc15xx.o
                0x00000000                g_pfnVectors
                0x000000fc                . = ALIGN (0x4)
                0x000000fc                __section_table_start = .
                0x000000fc                __data_section_table = .
                0x000000fc        0x4 LONG 0x82bc LOADADDR (.data)
                0x00000100        0x4 LONG 0x2000000 ADDR (.data)
                0x00000104        0x4 LONG 0x8a4 SIZEOF (.data)
                0x00000108        0x4 LONG 0x82bc LOADADDR (.data_RAM2)
                0x0000010c        0x4 LONG 0x2004000 ADDR (.data_RAM2)
                0x00000110        0x4 LONG 0x0 SIZEOF (.data_RAM2)
                0x00000114        0x4 LONG 0x82bc LOADADDR (.data_RAM3)
                0x00000118        0x4 LONG 0x2008000 ADDR (.data_RAM3)
                0x0000011c        0x4 LONG 0x0 SIZEOF (.data_RAM3)
                0x00000120                __data_section_table_end = .
                0x00000120                __bss_section_table = .
                0x00000120        0x4 LONG 0x20008a4 ADDR (.bss)
                0x00000124        0x4 LONG 0x70 SIZEOF (.bss)
                0x00000128        0x4 LONG 0x2004000 ADDR (.bss_RAM2)
                0x0000012c        0x4 LONG 0x0 SIZEOF (.bss_RAM2)
                0x00000130        0x4 LONG 0x2008000 ADDR (.bss_RAM3)
                0x00000134        0x4 LONG 0x0 SIZEOF (.bss_RAM3)
                0x00000138                __bss_section_table_end = .
                0x00000138                __section_table_end = .
 *(.after_vectors*)
 .after_vectors
                0x00000138      0x158 ./src/cr_startup_lpc15xx.o
                0x00000138                data_init(unsigned int, unsigned int, unsigned int)
                0x0000017c                bss_init(unsigned int, unsigned int)
                0x000001b4                ResetISR
                0x00000240                NMI_Handler
                0x00000248                HardFault_Handler
                0x00000250                MemManage_Handler
                0x00000258                BusFault_Handler
                0x00000260                UsageFault_Handler
                0x00000268                SVC_Handler
                0x00000270                DebugMon_Handler
                0x00000278                PendSV_Handler
                0x00000288                RTC_WAKE_IRQHandler
                0x00000288                UART0_IRQHandler
                0x00000288                ADC1_THCMP_IRQHandler
                0x00000288                SPI1_IRQHandler
                0x00000288                PIN_INT6_IRQHandler
                0x00000288                IntDefaultHandler
                0x00000288                PIN_INT4_IRQHandler
                0x00000288                CAN_IRQHandler
                0x00000288                RTC_ALARM_IRQHandler
                0x00000288                ADC1B_IRQHandler
                0x00000288                ADC1_OVR_IRQHandler
                0x00000288                MRT_IRQHandler
                0x00000288                UART2_IRQHandler
                0x00000288                ADC0_OVR_IRQHandler
                0x00000288                SCT1_IRQHandler
                0x00000288                PIN_INT2_IRQHandler
                0x00000288                USB_FIQHandler
                0x00000288                SCT3_IRQHandler
                0x00000288                PIN_INT7_IRQHandler
                0x00000288                I2C0_IRQHandler
                0x00000288                PIN_INT1_IRQHandler
                0x00000288                USB_IRQHandler
                0x00000288                BOD_IRQHandler
                0x00000288                ADC0B_IRQHandler
                0x00000288                ACMP0_IRQHandler
                0x00000288                RIT_IRQHandler
                0x00000288                USBWakeup_IRQHandler
                0x00000288                WDT_IRQHandler
                0x00000288                SCT2_IRQHandler
                0x00000288                PIN_INT0_IRQHandler
                0x00000288                QEI_IRQHandler
                0x00000288                ACMP3_IRQHandler
                0x00000288                GINT0_IRQHandler
                0x00000288                DAC_IRQHandler
                0x00000288                SPI0_IRQHandler
                0x00000288                EEPROM_IRQHandler
                0x00000288                ACMP2_IRQHandler
                0x00000288                PIN_INT5_IRQHandler
                0x00000288                ADC1A_IRQHandler
                0x00000288                DMA_IRQHandler
                0x00000288                PIN_INT3_IRQHandler
                0x00000288                ACMP1_IRQHandler
                0x00000288                SCT0_IRQHandler
                0x00000288                ADC0A_IRQHandler
                0x00000288                FMC_IRQHandler
                0x00000288                GINT1_IRQHandler
                0x00000288                ADC0_THCMP_IRQHandler
 *(.text*)
 .text._ZL4wordhh
                0x00000290       0x2c ./src/ModbusMaster.o
 .text._ZL8highBytet
                0x000002bc       0x20 ./src/ModbusMaster.o
 .text._ZL7lowBytet
                0x000002dc       0x1c ./src/ModbusMaster.o
 .text._ZL7bitReadhh
                0x000002f8       0x2c ./src/ModbusMaster.o
 .text._ZL12crc16_updateth
                0x00000324       0x60 ./src/ModbusMaster.o
 .text._ZN12ModbusMasterC2Eh
                0x00000384       0x30 ./src/ModbusMaster.o
                0x00000384                ModbusMaster::ModbusMaster(unsigned char)
                0x00000384                ModbusMaster::ModbusMaster(unsigned char)
 .text._ZN12ModbusMaster5beginEt
                0x000003b4       0x5c ./src/ModbusMaster.o
                0x000003b4                ModbusMaster::begin(unsigned short)
 .text._ZN12ModbusMaster17getResponseBufferEh
                0x00000410       0x30 ./src/ModbusMaster.o
                0x00000410                ModbusMaster::getResponseBuffer(unsigned char)
 .text._ZN12ModbusMaster17setTransmitBufferEht
                0x00000440       0x38 ./src/ModbusMaster.o
                0x00000440                ModbusMaster::setTransmitBuffer(unsigned char, unsigned short)
 .text._ZN12ModbusMaster20readHoldingRegistersEtt
                0x00000478       0x30 ./src/ModbusMaster.o
                0x00000478                ModbusMaster::readHoldingRegisters(unsigned short, unsigned short)
 .text._ZN12ModbusMaster22writeMultipleRegistersEtt
                0x000004a8       0x34 ./src/ModbusMaster.o
                0x000004a8                ModbusMaster::writeMultipleRegisters(unsigned short, unsigned short)
 .text._ZN12ModbusMaster23ModbusMasterTransactionEh
                0x000004dc      0xa44 ./src/ModbusMaster.o
                0x000004dc                ModbusMaster::ModbusMasterTransaction(unsigned char)
 .text.NVIC_EnableIRQ
                0x00000f20       0x30 ./src/SerialPort.o
 .text.NVIC_DisableIRQ
                0x00000f50       0x34 ./src/SerialPort.o
 .text.Chip_IOCON_PinMuxSet
                0x00000f84       0x2c ./src/SerialPort.o
 .text.Chip_SWM_MovablePortPinAssign
                0x00000fb0       0x30 ./src/SerialPort.o
 .text.RingBuffer_GetCount
                0x00000fe0       0x24 ./src/SerialPort.o
 .text.Chip_UART_Enable
                0x00001004       0x20 ./src/SerialPort.o
 .text.Chip_UART_TXEnable
                0x00001024       0x20 ./src/SerialPort.o
 .text.Chip_UART_IntEnable
                0x00001044       0x1c ./src/SerialPort.o
 .text.Chip_UART_IntDisable
                0x00001060       0x1c ./src/SerialPort.o
 .text.Chip_UART_ConfigData
                0x0000107c       0x28 ./src/SerialPort.o
 .text.UART1_IRQHandler
                0x000010a4       0x24 ./src/SerialPort.o
                0x000010a4                UART1_IRQHandler
 .text._ZN10SerialPortC2Ev
                0x000010c8      0x108 ./src/SerialPort.o
                0x000010c8                SerialPort::SerialPort()
                0x000010c8                SerialPort::SerialPort()
 .text._ZN10SerialPortD2Ev
                0x000011d0       0x38 ./src/SerialPort.o
                0x000011d0                SerialPort::~SerialPort()
                0x000011d0                SerialPort::~SerialPort()
 .text._ZN10SerialPortD0Ev
                0x00001208       0x20 ./src/SerialPort.o
                0x00001208                SerialPort::~SerialPort()
 .text._ZN10SerialPort9availableEv
                0x00001228       0x1c ./src/SerialPort.o
                0x00001228                SerialPort::available()
 .text._ZN10SerialPort5beginEi
                0x00001244       0x20 ./src/SerialPort.o
                0x00001244                SerialPort::begin(int)
 .text._ZN10SerialPort4readEv
                0x00001264       0x3c ./src/SerialPort.o
                0x00001264                SerialPort::read()
 .text._ZN10SerialPort5printEii
                0x000012a0       0x34 ./src/SerialPort.o
                0x000012a0                SerialPort::print(int, int)
 .text._ZN10SerialPort5flushEv
                0x000012d4       0x14 ./src/SerialPort.o
                0x000012d4                SerialPort::flush()
 .text._Znwj    0x000012e8       0x18 ./src/cr_cpp_config.o
                0x000012e8                operator new(unsigned int)
 .text._ZdlPv   0x00001300       0x14 ./src/cr_cpp_config.o
                0x00001300                operator delete(void*)
 .text._write   0x00001314       0x7c ./src/retarget_itm.o
                0x00001314                _write
 .text._read    0x00001390       0xb4 ./src/retarget_itm.o
                0x00001390                _read
 .text.SystemInit
                0x00001444        0xc ./src/sysinit.o
                0x00001444                SystemInit
 .text.NVIC_SetPriority
                0x00001450       0x54 ./src/uart_test.o
 .text.SysTick_Config
                0x000014a4       0x44 ./src/uart_test.o
 .text.Chip_SWM_MovablePortPinAssign
                0x000014e8       0x30 ./src/uart_test.o
 .text.SysTick_Handler
                0x00001518       0x3c ./src/uart_test.o
                0x00001518                SysTick_Handler
 .text._Z5Sleepi
                0x00001554       0x34 ./src/uart_test.o
                0x00001554                Sleep(int)
 .text._Z6millisv
                0x00001588       0x18 ./src/uart_test.o
                0x00001588                millis()
 .text.main     0x000015a0      0x154 ./src/uart_test.o
                0x000015a0                main
 .text.Chip_IOCON_PinMuxSet
                0x000016f4       0x2c C:\Users\krl\Documents\metropolia\kurssit\2016\k16_embedded_systems_programming\test\lpc_board_nxp_lpcxpresso_1549\Debug\liblpc_board_nxp_lpcxpresso_1549.a(board.o)
 .text.Chip_SWM_MovablePortPinAssign
                0x00001720       0x30 C:\Users\krl\Documents\metropolia\kurssit\2016\k16_embedded_systems_programming\test\lpc_board_nxp_lpcxpresso_1549\Debug\liblpc_board_nxp_lpcxpresso_1549.a(board.o)
 .text.Chip_GPIO_SetPinState
                0x00001750       0x38 C:\Users\krl\Documents\metropolia\kurssit\2016\k16_embedded_systems_programming\test\lpc_board_nxp_lpcxpresso_1549\Debug\liblpc_board_nxp_lpcxpresso_1549.a(board.o)
 .text.Chip_GPIO_SetPinDIROutput
                0x00001788       0x3c C:\Users\krl\Documents\metropolia\kurssit\2016\k16_embedded_systems_programming\test\lpc_board_nxp_lpcxpresso_1549\Debug\liblpc_board_nxp_lpcxpresso_1549.a(board.o)
 .text.Chip_UART_Enable
                0x000017c4       0x20 C:\Users\krl\Documents\metropolia\kurssit\2016\k16_embedded_systems_programming\test\lpc_board_nxp_lpcxpresso_1549\Debug\liblpc_board_nxp_lpcxpresso_1549.a(board.o)
 .text.Chip_UART_TXEnable
                0x000017e4       0x20 C:\Users\krl\Documents\metropolia\kurssit\2016\k16_embedded_systems_programming\test\lpc_board_nxp_lpcxpresso_1549\Debug\liblpc_board_nxp_lpcxpresso_1549.a(board.o)
 .text.Chip_UART_ConfigData
                0x00001804       0x28 C:\Users\krl\Documents\metropolia\kurssit\2016\k16_embedded_systems_programming\test\lpc_board_nxp_lpcxpresso_1549\Debug\liblpc_board_nxp_lpcxpresso_1549.a(board.o)
 .text.Board_Debug_Init
                0x0000182c       0x6c C:\Users\krl\Documents\metropolia\kurssit\2016\k16_embedded_systems_programming\test\lpc_board_nxp_lpcxpresso_1549\Debug\liblpc_board_nxp_lpcxpresso_1549.a(board.o)
                0x0000182c                Board_Debug_Init
 .text.Board_LED_Init
                0x00001898       0x5c C:\Users\krl\Documents\metropolia\kurssit\2016\k16_embedded_systems_programming\test\lpc_board_nxp_lpcxpresso_1549\Debug\liblpc_board_nxp_lpcxpresso_1549.a(board.o)
 .text.Board_LED_Set
                0x000018f4       0x50 C:\Users\krl\Documents\metropolia\kurssit\2016\k16_embedded_systems_programming\test\lpc_board_nxp_lpcxpresso_1549\Debug\liblpc_board_nxp_lpcxpresso_1549.a(board.o)
                0x000018f4                Board_LED_Set
 .text.Board_Init
                0x00001944       0x18 C:\Users\krl\Documents\metropolia\kurssit\2016\k16_embedded_systems_programming\test\lpc_board_nxp_lpcxpresso_1549\Debug\liblpc_board_nxp_lpcxpresso_1549.a(board.o)
                0x00001944                Board_Init
 .text.Chip_SYSCTL_PeriphReset
                0x0000195c       0x20 C:\Users\krl\Documents\metropolia\kurssit\2016\k16_embedded_systems_programming\test\lpc_board_nxp_lpcxpresso_1549\Debug\liblpc_board_nxp_lpcxpresso_1549.a(board_sysinit.o)
 .text.Chip_Clock_SetUSBPLLSource
                0x0000197c       0x20 C:\Users\krl\Documents\metropolia\kurssit\2016\k16_embedded_systems_programming\test\lpc_board_nxp_lpcxpresso_1549\Debug\liblpc_board_nxp_lpcxpresso_1549.a(board_sysinit.o)
 .text.Chip_Clock_SetupUSBPLL
                0x0000199c       0x34 C:\Users\krl\Documents\metropolia\kurssit\2016\k16_embedded_systems_programming\test\lpc_board_nxp_lpcxpresso_1549\Debug\liblpc_board_nxp_lpcxpresso_1549.a(board_sysinit.o)
 .text.Chip_Clock_IsUSBPLLLocked
                0x000019d0       0x28 C:\Users\krl\Documents\metropolia\kurssit\2016\k16_embedded_systems_programming\test\lpc_board_nxp_lpcxpresso_1549\Debug\liblpc_board_nxp_lpcxpresso_1549.a(board_sysinit.o)
 .text.Chip_Clock_SetSysTickClockDiv
                0x000019f8       0x20 C:\Users\krl\Documents\metropolia\kurssit\2016\k16_embedded_systems_programming\test\lpc_board_nxp_lpcxpresso_1549\Debug\liblpc_board_nxp_lpcxpresso_1549.a(board_sysinit.o)
 .text.Chip_SWM_MovablePortPinAssign
                0x00001a18       0x30 C:\Users\krl\Documents\metropolia\kurssit\2016\k16_embedded_systems_programming\test\lpc_board_nxp_lpcxpresso_1549\Debug\liblpc_board_nxp_lpcxpresso_1549.a(board_sysinit.o)
 .text.Board_SetupMuxing
                0x00001a48       0x84 C:\Users\krl\Documents\metropolia\kurssit\2016\k16_embedded_systems_programming\test\lpc_board_nxp_lpcxpresso_1549\Debug\liblpc_board_nxp_lpcxpresso_1549.a(board_sysinit.o)
                0x00001a48                Board_SetupMuxing
 .text.Board_SetupClocking
                0x00001acc       0x38 C:\Users\krl\Documents\metropolia\kurssit\2016\k16_embedded_systems_programming\test\lpc_board_nxp_lpcxpresso_1549\Debug\liblpc_board_nxp_lpcxpresso_1549.a(board_sysinit.o)
                0x00001acc                Board_SetupClocking
 .text.Board_SystemInit
                0x00001b04       0x1c C:\Users\krl\Documents\metropolia\kurssit\2016\k16_embedded_systems_programming\test\lpc_board_nxp_lpcxpresso_1549\Debug\liblpc_board_nxp_lpcxpresso_1549.a(board_sysinit.o)
                0x00001b04                Board_SystemInit
 .text.SystemCoreClockUpdate
                0x00001b20       0x14 C:\Users\krl\Documents\metropolia\kurssit\2016\k16_embedded_systems_programming\test\lpc_chip_15xx\Debug\liblpc_chip_15xx.a(chip_15xx.o)
                0x00001b20                SystemCoreClockUpdate
 .text.Chip_Clock_SetMain_A_ClockSource
                0x00001b34       0x20 C:\Users\krl\Documents\metropolia\kurssit\2016\k16_embedded_systems_programming\test\lpc_chip_15xx\Debug\liblpc_chip_15xx.a(clock_15xx.o)
 .text.Chip_Clock_GetMain_A_ClockSource
                0x00001b54       0x1c C:\Users\krl\Documents\metropolia\kurssit\2016\k16_embedded_systems_programming\test\lpc_chip_15xx\Debug\liblpc_chip_15xx.a(clock_15xx.o)
 .text.Chip_Clock_SetMain_B_ClockSource
                0x00001b70       0x20 C:\Users\krl\Documents\metropolia\kurssit\2016\k16_embedded_systems_programming\test\lpc_chip_15xx\Debug\liblpc_chip_15xx.a(clock_15xx.o)
 .text.Chip_Clock_GetMain_B_ClockSource
                0x00001b90       0x1c C:\Users\krl\Documents\metropolia\kurssit\2016\k16_embedded_systems_programming\test\lpc_chip_15xx\Debug\liblpc_chip_15xx.a(clock_15xx.o)
 .text.Chip_Clock_SetUARTFRGDivider
                0x00001bac       0x20 C:\Users\krl\Documents\metropolia\kurssit\2016\k16_embedded_systems_programming\test\lpc_chip_15xx\Debug\liblpc_chip_15xx.a(clock_15xx.o)
 .text.Chip_Clock_GetUARTFRGDivider
                0x00001bcc       0x18 C:\Users\krl\Documents\metropolia\kurssit\2016\k16_embedded_systems_programming\test\lpc_chip_15xx\Debug\liblpc_chip_15xx.a(clock_15xx.o)
 .text.Chip_Clock_GetMainOscRate
                0x00001be4       0x18 C:\Users\krl\Documents\metropolia\kurssit\2016\k16_embedded_systems_programming\test\lpc_chip_15xx\Debug\liblpc_chip_15xx.a(clock_15xx.o)
 .text.Chip_Clock_GetIntOscRate
                0x00001bfc       0x14 C:\Users\krl\Documents\metropolia\kurssit\2016\k16_embedded_systems_programming\test\lpc_chip_15xx\Debug\liblpc_chip_15xx.a(clock_15xx.o)
 .text.Chip_Clock_GetRTCOscRate
                0x00001c10       0x18 C:\Users\krl\Documents\metropolia\kurssit\2016\k16_embedded_systems_programming\test\lpc_chip_15xx\Debug\liblpc_chip_15xx.a(clock_15xx.o)
 .text.Chip_Clock_GetWDTOSCRate
                0x00001c28       0x14 C:\Users\krl\Documents\metropolia\kurssit\2016\k16_embedded_systems_programming\test\lpc_chip_15xx\Debug\liblpc_chip_15xx.a(clock_15xx.o)
 .text.Chip_Clock_GetPLLFreq
                0x00001c3c       0x28 C:\Users\krl\Documents\metropolia\kurssit\2016\k16_embedded_systems_programming\test\lpc_chip_15xx\Debug\liblpc_chip_15xx.a(clock_15xx.o)
 .text.Chip_Clock_GetPLLInClockRate
                0x00001c64       0x38 C:\Users\krl\Documents\metropolia\kurssit\2016\k16_embedded_systems_programming\test\lpc_chip_15xx\Debug\liblpc_chip_15xx.a(clock_15xx.o)
 .text.Chip_Clock_GetSystemPLLInClockRate
                0x00001c9c       0x1c C:\Users\krl\Documents\metropolia\kurssit\2016\k16_embedded_systems_programming\test\lpc_chip_15xx\Debug\liblpc_chip_15xx.a(clock_15xx.o)
                0x00001c9c                Chip_Clock_GetSystemPLLInClockRate
 .text.Chip_Clock_GetSystemPLLOutClockRate
                0x00001cb8       0x24 C:\Users\krl\Documents\metropolia\kurssit\2016\k16_embedded_systems_programming\test\lpc_chip_15xx\Debug\liblpc_chip_15xx.a(clock_15xx.o)
                0x00001cb8                Chip_Clock_GetSystemPLLOutClockRate
 .text.Chip_Clock_GetMain_A_ClockRate
                0x00001cdc       0x44 C:\Users\krl\Documents\metropolia\kurssit\2016\k16_embedded_systems_programming\test\lpc_chip_15xx\Debug\liblpc_chip_15xx.a(clock_15xx.o)
                0x00001cdc                Chip_Clock_GetMain_A_ClockRate
 .text.Chip_Clock_GetMain_B_ClockRate
                0x00001d20       0x58 C:\Users\krl\Documents\metropolia\kurssit\2016\k16_embedded_systems_programming\test\lpc_chip_15xx\Debug\liblpc_chip_15xx.a(clock_15xx.o)
                0x00001d20                Chip_Clock_GetMain_B_ClockRate
 .text.Chip_Clock_SetMainClockSource
                0x00001d78       0x3c C:\Users\krl\Documents\metropolia\kurssit\2016\k16_embedded_systems_programming\test\lpc_chip_15xx\Debug\liblpc_chip_15xx.a(clock_15xx.o)
                0x00001d78                Chip_Clock_SetMainClockSource
 .text.Chip_Clock_GetMainClockRate
                0x00001db4       0x28 C:\Users\krl\Documents\metropolia\kurssit\2016\k16_embedded_systems_programming\test\lpc_chip_15xx\Debug\liblpc_chip_15xx.a(clock_15xx.o)
                0x00001db4                Chip_Clock_GetMainClockRate
 .text.Chip_Clock_EnablePeriphClock
                0x00001ddc       0x54 C:\Users\krl\Documents\metropolia\kurssit\2016\k16_embedded_systems_programming\test\lpc_chip_15xx\Debug\liblpc_chip_15xx.a(clock_15xx.o)
                0x00001ddc                Chip_Clock_EnablePeriphClock
 .text.Chip_Clock_DisablePeriphClock
                0x00001e30       0x58 C:\Users\krl\Documents\metropolia\kurssit\2016\k16_embedded_systems_programming\test\lpc_chip_15xx\Debug\liblpc_chip_15xx.a(clock_15xx.o)
                0x00001e30                Chip_Clock_DisablePeriphClock
 .text.Chip_Clock_GetUARTBaseClockRate
                0x00001e88       0x88 C:\Users\krl\Documents\metropolia\kurssit\2016\k16_embedded_systems_programming\test\lpc_chip_15xx\Debug\liblpc_chip_15xx.a(clock_15xx.o)
                0x00001e88                Chip_Clock_GetUARTBaseClockRate
 .text.Chip_Clock_SetUARTBaseClockRate
                0x00001f10       0xa0 C:\Users\krl\Documents\metropolia\kurssit\2016\k16_embedded_systems_programming\test\lpc_chip_15xx\Debug\liblpc_chip_15xx.a(clock_15xx.o)
                0x00001f10                Chip_Clock_SetUARTBaseClockRate
 .text.Chip_Clock_GetSystemClockRate
                0x00001fb0       0x1c C:\Users\krl\Documents\metropolia\kurssit\2016\k16_embedded_systems_programming\test\lpc_chip_15xx\Debug\liblpc_chip_15xx.a(clock_15xx.o)
                0x00001fb0                Chip_Clock_GetSystemClockRate
 .text.Chip_SYSCTL_PeriphReset
                0x00001fcc       0x20 C:\Users\krl\Documents\metropolia\kurssit\2016\k16_embedded_systems_programming\test\lpc_chip_15xx\Debug\liblpc_chip_15xx.a(gpio_15xx.o)
 .text.Chip_GPIO_Init
                0x00001fec       0x2c C:\Users\krl\Documents\metropolia\kurssit\2016\k16_embedded_systems_programming\test\lpc_chip_15xx\Debug\liblpc_chip_15xx.a(gpio_15xx.o)
                0x00001fec                Chip_GPIO_Init
 .text.Chip_IOCON_PinMuxSet
                0x00002018       0x2c C:\Users\krl\Documents\metropolia\kurssit\2016\k16_embedded_systems_programming\test\lpc_chip_15xx\Debug\liblpc_chip_15xx.a(iocon_15xx.o)
 .text.Chip_IOCON_SetPinMuxing
                0x00002044       0x4c C:\Users\krl\Documents\metropolia\kurssit\2016\k16_embedded_systems_programming\test\lpc_chip_15xx\Debug\liblpc_chip_15xx.a(iocon_15xx.o)
                0x00002044                Chip_IOCON_SetPinMuxing
 .text.RingBuffer_GetCount
                0x00002090       0x24 C:\Users\krl\Documents\metropolia\kurssit\2016\k16_embedded_systems_programming\test\lpc_chip_15xx\Debug\liblpc_chip_15xx.a(ring_buffer.o)
 .text.RingBuffer_GetFree
                0x000020b4       0x20 C:\Users\krl\Documents\metropolia\kurssit\2016\k16_embedded_systems_programming\test\lpc_chip_15xx\Debug\liblpc_chip_15xx.a(ring_buffer.o)
 .text.RingBuffer_IsFull
                0x000020d4       0x28 C:\Users\krl\Documents\metropolia\kurssit\2016\k16_embedded_systems_programming\test\lpc_chip_15xx\Debug\liblpc_chip_15xx.a(ring_buffer.o)
 .text.RingBuffer_IsEmpty
                0x000020fc       0x2c C:\Users\krl\Documents\metropolia\kurssit\2016\k16_embedded_systems_programming\test\lpc_chip_15xx\Debug\liblpc_chip_15xx.a(ring_buffer.o)
 .text.RingBuffer_Init
                0x00002128       0x3c C:\Users\krl\Documents\metropolia\kurssit\2016\k16_embedded_systems_programming\test\lpc_chip_15xx\Debug\liblpc_chip_15xx.a(ring_buffer.o)
                0x00002128                RingBuffer_Init
 .text.RingBuffer_Insert
                0x00002164       0x5c C:\Users\krl\Documents\metropolia\kurssit\2016\k16_embedded_systems_programming\test\lpc_chip_15xx\Debug\liblpc_chip_15xx.a(ring_buffer.o)
                0x00002164                RingBuffer_Insert
 .text.RingBuffer_InsertMult
                0x000021c0      0x124 C:\Users\krl\Documents\metropolia\kurssit\2016\k16_embedded_systems_programming\test\lpc_chip_15xx\Debug\liblpc_chip_15xx.a(ring_buffer.o)
                0x000021c0                RingBuffer_InsertMult
 .text.RingBuffer_Pop
                0x000022e4       0x5c C:\Users\krl\Documents\metropolia\kurssit\2016\k16_embedded_systems_programming\test\lpc_chip_15xx\Debug\liblpc_chip_15xx.a(ring_buffer.o)
                0x000022e4                RingBuffer_Pop
 .text.RingBuffer_PopMult
                0x00002340      0x124 C:\Users\krl\Documents\metropolia\kurssit\2016\k16_embedded_systems_programming\test\lpc_chip_15xx\Debug\liblpc_chip_15xx.a(ring_buffer.o)
                0x00002340                RingBuffer_PopMult
 .text.Chip_SWM_MovablePinAssign
                0x00002464       0x5c C:\Users\krl\Documents\metropolia\kurssit\2016\k16_embedded_systems_programming\test\lpc_chip_15xx\Debug\liblpc_chip_15xx.a(swm_15xx.o)
                0x00002464                Chip_SWM_MovablePinAssign
 .text.Chip_SYSCTL_AssertPeriphReset
                0x000024c0       0x48 C:\Users\krl\Documents\metropolia\kurssit\2016\k16_embedded_systems_programming\test\lpc_chip_15xx\Debug\liblpc_chip_15xx.a(sysctl_15xx.o)
                0x000024c0                Chip_SYSCTL_AssertPeriphReset
 .text.Chip_SYSCTL_DeassertPeriphReset
                0x00002508       0x4c C:\Users\krl\Documents\metropolia\kurssit\2016\k16_embedded_systems_programming\test\lpc_chip_15xx\Debug\liblpc_chip_15xx.a(sysctl_15xx.o)
                0x00002508                Chip_SYSCTL_DeassertPeriphReset
 .text.Chip_SYSCTL_PowerDown
                0x00002554       0x40 C:\Users\krl\Documents\metropolia\kurssit\2016\k16_embedded_systems_programming\test\lpc_chip_15xx\Debug\liblpc_chip_15xx.a(sysctl_15xx.o)
                0x00002554                Chip_SYSCTL_PowerDown
 .text.Chip_SYSCTL_PowerUp
                0x00002594       0x40 C:\Users\krl\Documents\metropolia\kurssit\2016\k16_embedded_systems_programming\test\lpc_chip_15xx\Debug\liblpc_chip_15xx.a(sysctl_15xx.o)
                0x00002594                Chip_SYSCTL_PowerUp
 .text.Chip_FMC_SetFLASHAccess
                0x000025d4       0x38 C:\Users\krl\Documents\metropolia\kurssit\2016\k16_embedded_systems_programming\test\lpc_chip_15xx\Debug\liblpc_chip_15xx.a(sysinit_15xx.o)
 .text.Chip_Clock_SetSystemPLLSource
                0x0000260c       0x20 C:\Users\krl\Documents\metropolia\kurssit\2016\k16_embedded_systems_programming\test\lpc_chip_15xx\Debug\liblpc_chip_15xx.a(sysinit_15xx.o)
 .text.Chip_Clock_SetupSystemPLL
                0x0000262c       0x34 C:\Users\krl\Documents\metropolia\kurssit\2016\k16_embedded_systems_programming\test\lpc_chip_15xx\Debug\liblpc_chip_15xx.a(sysinit_15xx.o)
 .text.Chip_Clock_IsSystemPLLLocked
                0x00002660       0x28 C:\Users\krl\Documents\metropolia\kurssit\2016\k16_embedded_systems_programming\test\lpc_chip_15xx\Debug\liblpc_chip_15xx.a(sysinit_15xx.o)
 .text.Chip_Clock_SetSysClockDiv
                0x00002688       0x20 C:\Users\krl\Documents\metropolia\kurssit\2016\k16_embedded_systems_programming\test\lpc_chip_15xx\Debug\liblpc_chip_15xx.a(sysinit_15xx.o)
 .text.Chip_SetupXtalClocking
                0x000026a8       0x6c C:\Users\krl\Documents\metropolia\kurssit\2016\k16_embedded_systems_programming\test\lpc_chip_15xx\Debug\liblpc_chip_15xx.a(sysinit_15xx.o)
                0x000026a8                Chip_SetupXtalClocking
 .text.Chip_SYSCTL_PeriphReset
                0x00002714       0x20 C:\Users\krl\Documents\metropolia\kurssit\2016\k16_embedded_systems_programming\test\lpc_chip_15xx\Debug\liblpc_chip_15xx.a(uart_15xx.o)
 .text.RingBuffer_IsEmpty
                0x00002734       0x2c C:\Users\krl\Documents\metropolia\kurssit\2016\k16_embedded_systems_programming\test\lpc_chip_15xx\Debug\liblpc_chip_15xx.a(uart_15xx.o)
 .text.Chip_UART_SendByte
                0x00002760       0x1c C:\Users\krl\Documents\metropolia\kurssit\2016\k16_embedded_systems_programming\test\lpc_chip_15xx\Debug\liblpc_chip_15xx.a(uart_15xx.o)
 .text.Chip_UART_ReadByte
                0x0000277c       0x1c C:\Users\krl\Documents\metropolia\kurssit\2016\k16_embedded_systems_programming\test\lpc_chip_15xx\Debug\liblpc_chip_15xx.a(uart_15xx.o)
 .text.Chip_UART_IntEnable
                0x00002798       0x1c C:\Users\krl\Documents\metropolia\kurssit\2016\k16_embedded_systems_programming\test\lpc_chip_15xx\Debug\liblpc_chip_15xx.a(uart_15xx.o)
 .text.Chip_UART_IntDisable
                0x000027b4       0x1c C:\Users\krl\Documents\metropolia\kurssit\2016\k16_embedded_systems_programming\test\lpc_chip_15xx\Debug\liblpc_chip_15xx.a(uart_15xx.o)
 .text.Chip_UART_GetStatus
                0x000027d0       0x18 C:\Users\krl\Documents\metropolia\kurssit\2016\k16_embedded_systems_programming\test\lpc_chip_15xx\Debug\liblpc_chip_15xx.a(uart_15xx.o)
 .text.getUARTClockID
                0x000027e8       0x38 C:\Users\krl\Documents\metropolia\kurssit\2016\k16_embedded_systems_programming\test\lpc_chip_15xx\Debug\liblpc_chip_15xx.a(uart_15xx.o)
 .text.Chip_UART_Init
                0x00002820       0x4c C:\Users\krl\Documents\metropolia\kurssit\2016\k16_embedded_systems_programming\test\lpc_chip_15xx\Debug\liblpc_chip_15xx.a(uart_15xx.o)
                0x00002820                Chip_UART_Init
 .text.Chip_UART_DeInit
                0x0000286c       0x1c C:\Users\krl\Documents\metropolia\kurssit\2016\k16_embedded_systems_programming\test\lpc_chip_15xx\Debug\liblpc_chip_15xx.a(uart_15xx.o)
                0x0000286c                Chip_UART_DeInit
 .text.Chip_UART_SetBaud
                0x00002888       0x28 C:\Users\krl\Documents\metropolia\kurssit\2016\k16_embedded_systems_programming\test\lpc_chip_15xx\Debug\liblpc_chip_15xx.a(uart_15xx.o)
                0x00002888                Chip_UART_SetBaud
 .text.Chip_UART_RXIntHandlerRB
                0x000028b0       0x3c C:\Users\krl\Documents\metropolia\kurssit\2016\k16_embedded_systems_programming\test\lpc_chip_15xx\Debug\liblpc_chip_15xx.a(uart_15xx.o)
                0x000028b0                Chip_UART_RXIntHandlerRB
 .text.Chip_UART_TXIntHandlerRB
                0x000028ec       0x40 C:\Users\krl\Documents\metropolia\kurssit\2016\k16_embedded_systems_programming\test\lpc_chip_15xx\Debug\liblpc_chip_15xx.a(uart_15xx.o)
                0x000028ec                Chip_UART_TXIntHandlerRB
 .text.Chip_UART_SendRB
                0x0000292c       0x60 C:\Users\krl\Documents\metropolia\kurssit\2016\k16_embedded_systems_programming\test\lpc_chip_15xx\Debug\liblpc_chip_15xx.a(uart_15xx.o)
                0x0000292c                Chip_UART_SendRB
 .text.Chip_UART_ReadRB
                0x0000298c       0x24 C:\Users\krl\Documents\metropolia\kurssit\2016\k16_embedded_systems_programming\test\lpc_chip_15xx\Debug\liblpc_chip_15xx.a(uart_15xx.o)
                0x0000298c                Chip_UART_ReadRB
 .text.Chip_UART_IRQRBHandler
                0x000029b0       0x48 C:\Users\krl\Documents\metropolia\kurssit\2016\k16_embedded_systems_programming\test\lpc_chip_15xx\Debug\liblpc_chip_15xx.a(uart_15xx.o)
                0x000029b0                Chip_UART_IRQRBHandler
 .text          0x000029f8       0x30 c:/bin/lpcxpresso_8.0.0_526/lpcxpresso/tools/bin/../lib/gcc/arm-none-eabi/4.9.3/armv7-m\libgcc.a(_aeabi_uldivmod.o)
                0x000029f8                __aeabi_uldivmod
 .text          0x00002a28       0x60 c:/bin/lpcxpresso_8.0.0_526/lpcxpresso/tools/bin/../lib/gcc/arm-none-eabi/4.9.3/armv7-m\libgcc.a(bpabi.o)
                0x00002a28                __gnu_ldivmod_helper
                0x00002a58                __gnu_uldivmod_helper
 .text          0x00002a88        0x4 c:/bin/lpcxpresso_8.0.0_526/lpcxpresso/tools/bin/../lib/gcc/arm-none-eabi/4.9.3/armv7-m\libgcc.a(_dvmd_tls.o)
                0x00002a88                __aeabi_idiv0
                0x00002a88                __aeabi_ldiv0
 .text          0x00002a8c      0x2ac c:/bin/lpcxpresso_8.0.0_526/lpcxpresso/tools/bin/../lib/gcc/arm-none-eabi/4.9.3/armv7-m\libgcc.a(_divdi3.o)
                0x00002a8c                __divdi3
 .text          0x00002d38      0x270 c:/bin/lpcxpresso_8.0.0_526/lpcxpresso/tools/bin/../lib/gcc/arm-none-eabi/4.9.3/armv7-m\libgcc.a(_udivdi3.o)
                0x00002d38                __udivdi3
 .text.__libc_init_array
                0x00002fa8       0x50 c:/bin/lpcxpresso_8.0.0_526/lpcxpresso/tools/bin/../lib/gcc/arm-none-eabi/4.9.3/../../../../arm-none-eabi/lib/armv7-m\libc.a(lib_a-init.o)
                0x00002fa8                __libc_init_array
 .text.malloc   0x00002ff8       0x10 c:/bin/lpcxpresso_8.0.0_526/lpcxpresso/tools/bin/../lib/gcc/arm-none-eabi/4.9.3/../../../../arm-none-eabi/lib/armv7-m\libc.a(lib_a-malloc.o)
                0x00002ff8                malloc
 .text.free     0x00003008       0x10 c:/bin/lpcxpresso_8.0.0_526/lpcxpresso/tools/bin/../lib/gcc/arm-none-eabi/4.9.3/../../../../arm-none-eabi/lib/armv7-m\libc.a(lib_a-malloc.o)
                0x00003008                free
 .text._malloc_r
                0x00003018      0x50c c:/bin/lpcxpresso_8.0.0_526/lpcxpresso/tools/bin/../lib/gcc/arm-none-eabi/4.9.3/../../../../arm-none-eabi/lib/armv7-m\libc.a(lib_a-mallocr.o)
                0x00003018                _malloc_r
 .text          0x00003524       0xec c:/bin/lpcxpresso_8.0.0_526/lpcxpresso/tools/bin/../lib/gcc/arm-none-eabi/4.9.3/../../../../arm-none-eabi/lib/armv7-m\libc.a(lib_a-memcpy.o)
                0x00003524                memcpy
 .text.__malloc_lock
                0x00003610        0x4 c:/bin/lpcxpresso_8.0.0_526/lpcxpresso/tools/bin/../lib/gcc/arm-none-eabi/4.9.3/../../../../arm-none-eabi/lib/armv7-m\libc.a(lib_a-mlock.o)
                0x00003610                __malloc_lock
 .text.__malloc_unlock
                0x00003614        0x4 c:/bin/lpcxpresso_8.0.0_526/lpcxpresso/tools/bin/../lib/gcc/arm-none-eabi/4.9.3/../../../../arm-none-eabi/lib/armv7-m\libc.a(lib_a-mlock.o)
                0x00003614                __malloc_unlock
 .text.printf   0x00003618       0x28 c:/bin/lpcxpresso_8.0.0_526/lpcxpresso/tools/bin/../lib/gcc/arm-none-eabi/4.9.3/../../../../arm-none-eabi/lib/armv7-m\libc.a(lib_a-printf.o)
                0x00003618                printf
 .text._sbrk_r  0x00003640       0x24 c:/bin/lpcxpresso_8.0.0_526/lpcxpresso/tools/bin/../lib/gcc/arm-none-eabi/4.9.3/../../../../arm-none-eabi/lib/armv7-m\libc.a(lib_a-sbrkr.o)
                0x00003640                _sbrk_r
 .text._vfprintf_r
                0x00003664     0x1448 c:/bin/lpcxpresso_8.0.0_526/lpcxpresso/tools/bin/../lib/gcc/arm-none-eabi/4.9.3/../../../../arm-none-eabi/lib/armv7-m\libc.a(lib_a-vfprintf.o)
                0x00003664                _vfprintf_r
 .text.__sbprintf
                0x00004aac       0x7c c:/bin/lpcxpresso_8.0.0_526/lpcxpresso/tools/bin/../lib/gcc/arm-none-eabi/4.9.3/../../../../arm-none-eabi/lib/armv7-m\libc.a(lib_a-vfprintf.o)
 .text.__swsetup_r
                0x00004b28       0xc4 c:/bin/lpcxpresso_8.0.0_526/lpcxpresso/tools/bin/../lib/gcc/arm-none-eabi/4.9.3/../../../../arm-none-eabi/lib/armv7-m\libc.a(lib_a-wsetup.o)
                0x00004b28                __swsetup_r
 .text.quorem   0x00004bec      0x130 c:/bin/lpcxpresso_8.0.0_526/lpcxpresso/tools/bin/../lib/gcc/arm-none-eabi/4.9.3/../../../../arm-none-eabi/lib/armv7-m\libc.a(lib_a-dtoa.o)
 *fill*         0x00004d1c        0x4 
 .text._dtoa_r  0x00004d20      0xea4 c:/bin/lpcxpresso_8.0.0_526/lpcxpresso/tools/bin/../lib/gcc/arm-none-eabi/4.9.3/../../../../arm-none-eabi/lib/armv7-m\libc.a(lib_a-dtoa.o)
                0x00004d20                _dtoa_r
 .text.__sflush_r
                0x00005bc4      0x148 c:/bin/lpcxpresso_8.0.0_526/lpcxpresso/tools/bin/../lib/gcc/arm-none-eabi/4.9.3/../../../../arm-none-eabi/lib/armv7-m\libc.a(lib_a-fflush.o)
                0x00005bc4                __sflush_r
 .text._fflush_r
                0x00005d0c       0x2c c:/bin/lpcxpresso_8.0.0_526/lpcxpresso/tools/bin/../lib/gcc/arm-none-eabi/4.9.3/../../../../arm-none-eabi/lib/armv7-m\libc.a(lib_a-fflush.o)
                0x00005d0c                _fflush_r
 .text._cleanup_r
                0x00005d38        0xc c:/bin/lpcxpresso_8.0.0_526/lpcxpresso/tools/bin/../lib/gcc/arm-none-eabi/4.9.3/../../../../arm-none-eabi/lib/armv7-m\libc.a(lib_a-findfp.o)
                0x00005d38                _cleanup_r
 .text.__sinit.part.1
                0x00005d44       0xf0 c:/bin/lpcxpresso_8.0.0_526/lpcxpresso/tools/bin/../lib/gcc/arm-none-eabi/4.9.3/../../../../arm-none-eabi/lib/armv7-m\libc.a(lib_a-findfp.o)
 .text.__sinit  0x00005e34        0xc c:/bin/lpcxpresso_8.0.0_526/lpcxpresso/tools/bin/../lib/gcc/arm-none-eabi/4.9.3/../../../../arm-none-eabi/lib/armv7-m\libc.a(lib_a-findfp.o)
                0x00005e34                __sinit
 .text.__sfp_lock_acquire
                0x00005e40        0x4 c:/bin/lpcxpresso_8.0.0_526/lpcxpresso/tools/bin/../lib/gcc/arm-none-eabi/4.9.3/../../../../arm-none-eabi/lib/armv7-m\libc.a(lib_a-findfp.o)
                0x00005e40                __sfp_lock_acquire
 .text.__sfp_lock_release
                0x00005e44        0x4 c:/bin/lpcxpresso_8.0.0_526/lpcxpresso/tools/bin/../lib/gcc/arm-none-eabi/4.9.3/../../../../arm-none-eabi/lib/armv7-m\libc.a(lib_a-findfp.o)
                0x00005e44                __sfp_lock_release
 .text._malloc_trim_r
                0x00005e48       0x9c c:/bin/lpcxpresso_8.0.0_526/lpcxpresso/tools/bin/../lib/gcc/arm-none-eabi/4.9.3/../../../../arm-none-eabi/lib/armv7-m\libc.a(lib_a-freer.o)
                0x00005e48                _malloc_trim_r
 .text._free_r  0x00005ee4      0x1b0 c:/bin/lpcxpresso_8.0.0_526/lpcxpresso/tools/bin/../lib/gcc/arm-none-eabi/4.9.3/../../../../arm-none-eabi/lib/armv7-m\libc.a(lib_a-freer.o)
                0x00005ee4                _free_r
 .text._fwalk_reent
                0x00006094       0x50 c:/bin/lpcxpresso_8.0.0_526/lpcxpresso/tools/bin/../lib/gcc/arm-none-eabi/4.9.3/../../../../arm-none-eabi/lib/armv7-m\libc.a(lib_a-fwalk.o)
                0x00006094                _fwalk_reent
 .text.__locale_charset
                0x000060e4        0x8 c:/bin/lpcxpresso_8.0.0_526/lpcxpresso/tools/bin/../lib/gcc/arm-none-eabi/4.9.3/../../../../arm-none-eabi/lib/armv7-m\libc.a(lib_a-locale.o)
                0x000060e4                __locale_charset
 .text.__locale_mb_cur_max
                0x000060ec        0xc c:/bin/lpcxpresso_8.0.0_526/lpcxpresso/tools/bin/../lib/gcc/arm-none-eabi/4.9.3/../../../../arm-none-eabi/lib/armv7-m\libc.a(lib_a-locale.o)
                0x000060ec                __locale_mb_cur_max
 .text._localeconv_r
                0x000060f8        0x8 c:/bin/lpcxpresso_8.0.0_526/lpcxpresso/tools/bin/../lib/gcc/arm-none-eabi/4.9.3/../../../../arm-none-eabi/lib/armv7-m\libc.a(lib_a-locale.o)
                0x000060f8                _localeconv_r
 .text.__smakebuf_r
                0x00006100       0xe0 c:/bin/lpcxpresso_8.0.0_526/lpcxpresso/tools/bin/../lib/gcc/arm-none-eabi/4.9.3/../../../../arm-none-eabi/lib/armv7-m\libc.a(lib_a-makebuf.o)
                0x00006100                __smakebuf_r
 .text.memchr   0x000061e0       0x94 c:/bin/lpcxpresso_8.0.0_526/lpcxpresso/tools/bin/../lib/gcc/arm-none-eabi/4.9.3/../../../../arm-none-eabi/lib/armv7-m\libc.a(lib_a-memchr.o)
                0x000061e0                memchr
 .text.memset   0x00006274       0x9c c:/bin/lpcxpresso_8.0.0_526/lpcxpresso/tools/bin/../lib/gcc/arm-none-eabi/4.9.3/../../../../arm-none-eabi/lib/armv7-m\libc.a(lib_a-memset.o)
                0x00006274                memset
 .text._Balloc  0x00006310       0x50 c:/bin/lpcxpresso_8.0.0_526/lpcxpresso/tools/bin/../lib/gcc/arm-none-eabi/4.9.3/../../../../arm-none-eabi/lib/armv7-m\libc.a(lib_a-mprec.o)
                0x00006310                _Balloc
 .text._Bfree   0x00006360       0x14 c:/bin/lpcxpresso_8.0.0_526/lpcxpresso/tools/bin/../lib/gcc/arm-none-eabi/4.9.3/../../../../arm-none-eabi/lib/armv7-m\libc.a(lib_a-mprec.o)
                0x00006360                _Bfree
 .text.__multadd
                0x00006374       0x84 c:/bin/lpcxpresso_8.0.0_526/lpcxpresso/tools/bin/../lib/gcc/arm-none-eabi/4.9.3/../../../../arm-none-eabi/lib/armv7-m\libc.a(lib_a-mprec.o)
                0x00006374                __multadd
 .text.__hi0bits
                0x000063f8       0x40 c:/bin/lpcxpresso_8.0.0_526/lpcxpresso/tools/bin/../lib/gcc/arm-none-eabi/4.9.3/../../../../arm-none-eabi/lib/armv7-m\libc.a(lib_a-mprec.o)
                0x000063f8                __hi0bits
 .text.__lo0bits
                0x00006438       0x5c c:/bin/lpcxpresso_8.0.0_526/lpcxpresso/tools/bin/../lib/gcc/arm-none-eabi/4.9.3/../../../../arm-none-eabi/lib/armv7-m\libc.a(lib_a-mprec.o)
                0x00006438                __lo0bits
 .text.__i2b    0x00006494       0x14 c:/bin/lpcxpresso_8.0.0_526/lpcxpresso/tools/bin/../lib/gcc/arm-none-eabi/4.9.3/../../../../arm-none-eabi/lib/armv7-m\libc.a(lib_a-mprec.o)
                0x00006494                __i2b
 .text.__multiply
                0x000064a8      0x140 c:/bin/lpcxpresso_8.0.0_526/lpcxpresso/tools/bin/../lib/gcc/arm-none-eabi/4.9.3/../../../../arm-none-eabi/lib/armv7-m\libc.a(lib_a-mprec.o)
                0x000064a8                __multiply
 .text.__pow5mult
                0x000065e8       0xa0 c:/bin/lpcxpresso_8.0.0_526/lpcxpresso/tools/bin/../lib/gcc/arm-none-eabi/4.9.3/../../../../arm-none-eabi/lib/armv7-m\libc.a(lib_a-mprec.o)
                0x000065e8                __pow5mult
 .text.__lshift
                0x00006688       0xb0 c:/bin/lpcxpresso_8.0.0_526/lpcxpresso/tools/bin/../lib/gcc/arm-none-eabi/4.9.3/../../../../arm-none-eabi/lib/armv7-m\libc.a(lib_a-mprec.o)
                0x00006688                __lshift
 .text.__mcmp   0x00006738       0x48 c:/bin/lpcxpresso_8.0.0_526/lpcxpresso/tools/bin/../lib/gcc/arm-none-eabi/4.9.3/../../../../arm-none-eabi/lib/armv7-m\libc.a(lib_a-mprec.o)
                0x00006738                __mcmp
 .text.__mdiff  0x00006780       0xe4 c:/bin/lpcxpresso_8.0.0_526/lpcxpresso/tools/bin/../lib/gcc/arm-none-eabi/4.9.3/../../../../arm-none-eabi/lib/armv7-m\libc.a(lib_a-mprec.o)
                0x00006780                __mdiff
 .text.__d2b    0x00006864       0xa8 c:/bin/lpcxpresso_8.0.0_526/lpcxpresso/tools/bin/../lib/gcc/arm-none-eabi/4.9.3/../../../../arm-none-eabi/lib/armv7-m\libc.a(lib_a-mprec.o)
                0x00006864                __d2b
 .text.__fpclassifyd
                0x0000690c       0x58 c:/bin/lpcxpresso_8.0.0_526/lpcxpresso/tools/bin/../lib/gcc/arm-none-eabi/4.9.3/../../../../arm-none-eabi/lib/armv7-m\libc.a(lib_a-s_fpclassify.o)
                0x0000690c                __fpclassifyd
 .text.__sread  0x00006964       0x24 c:/bin/lpcxpresso_8.0.0_526/lpcxpresso/tools/bin/../lib/gcc/arm-none-eabi/4.9.3/../../../../arm-none-eabi/lib/armv7-m\libc.a(lib_a-stdio.o)
                0x00006964                __sread
 .text.__swrite
                0x00006988       0x38 c:/bin/lpcxpresso_8.0.0_526/lpcxpresso/tools/bin/../lib/gcc/arm-none-eabi/4.9.3/../../../../arm-none-eabi/lib/armv7-m\libc.a(lib_a-stdio.o)
                0x00006988                __swrite
 .text.__sseek  0x000069c0       0x20 c:/bin/lpcxpresso_8.0.0_526/lpcxpresso/tools/bin/../lib/gcc/arm-none-eabi/4.9.3/../../../../arm-none-eabi/lib/armv7-m\libc.a(lib_a-stdio.o)
                0x000069c0                __sseek
 .text.__sclose
                0x000069e0        0x8 c:/bin/lpcxpresso_8.0.0_526/lpcxpresso/tools/bin/../lib/gcc/arm-none-eabi/4.9.3/../../../../arm-none-eabi/lib/armv7-m\libc.a(lib_a-stdio.o)
                0x000069e0                __sclose
 .text.strlen   0x000069e8       0x5c c:/bin/lpcxpresso_8.0.0_526/lpcxpresso/tools/bin/../lib/gcc/arm-none-eabi/4.9.3/../../../../arm-none-eabi/lib/armv7-m\libc.a(lib_a-strlen.o)
                0x000069e8                strlen
 .text.__sprint_r.part.0
                0x00006a44       0x78 c:/bin/lpcxpresso_8.0.0_526/lpcxpresso/tools/bin/../lib/gcc/arm-none-eabi/4.9.3/../../../../arm-none-eabi/lib/armv7-m\libc.a(lib_a-vfiprintf.o)
 .text.__sprint_r
                0x00006abc       0x18 c:/bin/lpcxpresso_8.0.0_526/lpcxpresso/tools/bin/../lib/gcc/arm-none-eabi/4.9.3/../../../../arm-none-eabi/lib/armv7-m\libc.a(lib_a-vfiprintf.o)
                0x00006abc                __sprint_r
 .text._write_r
                0x00006ad4       0x28 c:/bin/lpcxpresso_8.0.0_526/lpcxpresso/tools/bin/../lib/gcc/arm-none-eabi/4.9.3/../../../../arm-none-eabi/lib/armv7-m\libc.a(lib_a-writer.o)
                0x00006ad4                _write_r
 .text._calloc_r
                0x00006afc       0x60 c:/bin/lpcxpresso_8.0.0_526/lpcxpresso/tools/bin/../lib/gcc/arm-none-eabi/4.9.3/../../../../arm-none-eabi/lib/armv7-m\libc.a(lib_a-callocr.o)
                0x00006afc                _calloc_r
 .text._close_r
                0x00006b5c       0x24 c:/bin/lpcxpresso_8.0.0_526/lpcxpresso/tools/bin/../lib/gcc/arm-none-eabi/4.9.3/../../../../arm-none-eabi/lib/armv7-m\libc.a(lib_a-closer.o)
                0x00006b5c                _close_r
 .text._fclose_r
                0x00006b80       0x84 c:/bin/lpcxpresso_8.0.0_526/lpcxpresso/tools/bin/../lib/gcc/arm-none-eabi/4.9.3/../../../../arm-none-eabi/lib/armv7-m\libc.a(lib_a-fclose.o)
                0x00006b80                _fclose_r
 .text.__fputwc
                0x00006c04       0xb0 c:/bin/lpcxpresso_8.0.0_526/lpcxpresso/tools/bin/../lib/gcc/arm-none-eabi/4.9.3/../../../../arm-none-eabi/lib/armv7-m\libc.a(lib_a-fputwc.o)
                0x00006c04                __fputwc
 .text._fputwc_r
                0x00006cb4       0x24 c:/bin/lpcxpresso_8.0.0_526/lpcxpresso/tools/bin/../lib/gcc/arm-none-eabi/4.9.3/../../../../arm-none-eabi/lib/armv7-m\libc.a(lib_a-fputwc.o)
                0x00006cb4                _fputwc_r
 .text._fstat_r
                0x00006cd8       0x28 c:/bin/lpcxpresso_8.0.0_526/lpcxpresso/tools/bin/../lib/gcc/arm-none-eabi/4.9.3/../../../../arm-none-eabi/lib/armv7-m\libc.a(lib_a-fstatr.o)
                0x00006cd8                _fstat_r
 .text.__sfvwrite_r
                0x00006d00      0x320 c:/bin/lpcxpresso_8.0.0_526/lpcxpresso/tools/bin/../lib/gcc/arm-none-eabi/4.9.3/../../../../arm-none-eabi/lib/armv7-m\libc.a(lib_a-fvwrite.o)
                0x00006d00                __sfvwrite_r
 .text._isatty_r
                0x00007020       0x24 c:/bin/lpcxpresso_8.0.0_526/lpcxpresso/tools/bin/../lib/gcc/arm-none-eabi/4.9.3/../../../../arm-none-eabi/lib/armv7-m\libc.a(lib_a-isattyr.o)
                0x00007020                _isatty_r
 .text._lseek_r
                0x00007044       0x28 c:/bin/lpcxpresso_8.0.0_526/lpcxpresso/tools/bin/../lib/gcc/arm-none-eabi/4.9.3/../../../../arm-none-eabi/lib/armv7-m\libc.a(lib_a-lseekr.o)
                0x00007044                _lseek_r
 .text.memmove  0x0000706c       0xc8 c:/bin/lpcxpresso_8.0.0_526/lpcxpresso/tools/bin/../lib/gcc/arm-none-eabi/4.9.3/../../../../arm-none-eabi/lib/armv7-m\libc.a(lib_a-memmove.o)
                0x0000706c                memmove
 .text._read_r  0x00007134       0x28 c:/bin/lpcxpresso_8.0.0_526/lpcxpresso/tools/bin/../lib/gcc/arm-none-eabi/4.9.3/../../../../arm-none-eabi/lib/armv7-m\libc.a(lib_a-readr.o)
                0x00007134                _read_r
 .text._realloc_r
                0x0000715c      0x3e0 c:/bin/lpcxpresso_8.0.0_526/lpcxpresso/tools/bin/../lib/gcc/arm-none-eabi/4.9.3/../../../../arm-none-eabi/lib/armv7-m\libc.a(lib_a-reallocr.o)
                0x0000715c                _realloc_r
 .text.__swbuf_r
                0x0000753c       0xa8 c:/bin/lpcxpresso_8.0.0_526/lpcxpresso/tools/bin/../lib/gcc/arm-none-eabi/4.9.3/../../../../arm-none-eabi/lib/armv7-m\libc.a(lib_a-wbuf.o)
                0x0000753c                __swbuf_r
 .text._wcrtomb_r
                0x000075e4       0x54 c:/bin/lpcxpresso_8.0.0_526/lpcxpresso/tools/bin/../lib/gcc/arm-none-eabi/4.9.3/../../../../arm-none-eabi/lib/armv7-m\libc.a(lib_a-wcrtomb.o)
                0x000075e4                _wcrtomb_r
 .text.__ascii_wctomb
                0x00007638       0x1c c:/bin/lpcxpresso_8.0.0_526/lpcxpresso/tools/bin/../lib/gcc/arm-none-eabi/4.9.3/../../../../arm-none-eabi/lib/armv7-m\libc.a(lib_a-wctomb_r.o)
                0x00007638                __ascii_wctomb
 .text._sbrk    0x00007654       0x3c c:/bin/lpcxpresso_8.0.0_526/lpcxpresso/tools/bin/../lib/gcc/arm-none-eabi/4.9.3/../../../../arm-none-eabi/lib/armv7-m\libcr_newlib_nohost.a(_cr_sbrk.o)
                0x00007654                _sbrk
 .text._close   0x00007690       0x10 c:/bin/lpcxpresso_8.0.0_526/lpcxpresso/tools/bin/../lib/gcc/arm-none-eabi/4.9.3/../../../../arm-none-eabi/lib/armv7-m\libcr_newlib_nohost.a(close.o)
                0x00007690                _close
 .text._fstat   0x000076a0       0x10 c:/bin/lpcxpresso_8.0.0_526/lpcxpresso/tools/bin/../lib/gcc/arm-none-eabi/4.9.3/../../../../arm-none-eabi/lib/armv7-m\libcr_newlib_nohost.a(fstat.o)
                0x000076a0                _fstat
 .text._isatty  0x000076b0       0x10 c:/bin/lpcxpresso_8.0.0_526/lpcxpresso/tools/bin/../lib/gcc/arm-none-eabi/4.9.3/../../../../arm-none-eabi/lib/armv7-m\libcr_newlib_nohost.a(isatty.o)
                0x000076b0                _isatty
 .text._lseek   0x000076c0       0x10 c:/bin/lpcxpresso_8.0.0_526/lpcxpresso/tools/bin/../lib/gcc/arm-none-eabi/4.9.3/../../../../arm-none-eabi/lib/armv7-m\libcr_newlib_nohost.a(lseek.o)
                0x000076c0                _lseek
 .text.__check_heap_overflow
                0x000076d0       0x18 c:/bin/lpcxpresso_8.0.0_526/lpcxpresso/tools/bin/../lib/gcc/arm-none-eabi/4.9.3/../../../../arm-none-eabi/lib/armv7-m\libcr_newlib_nohost.a(_cr_check_heap.o)
                0x000076d0                __check_heap_overflow
 .text          0x000076e8       0x5c c:/bin/lpcxpresso_8.0.0_526/lpcxpresso/tools/bin/../lib/gcc/arm-none-eabi/4.9.3/armv7-m\crtbegin.o
 .text          0x00007744      0x370 c:/bin/lpcxpresso_8.0.0_526/lpcxpresso/tools/bin/../lib/gcc/arm-none-eabi/4.9.3/armv7-m\libgcc.a(_arm_addsubdf3.o)
                0x00007744                __aeabi_drsub
                0x0000774c                __aeabi_dsub
                0x0000774c                __subdf3
                0x00007750                __aeabi_dadd
                0x00007750                __adddf3
                0x000079c8                __floatunsidf
                0x000079c8                __aeabi_ui2d
                0x000079e8                __floatsidf
                0x000079e8                __aeabi_i2d
                0x00007a0c                __aeabi_f2d
                0x00007a0c                __extendsfdf2
                0x00007a48                __floatundidf
                0x00007a48                __aeabi_ul2d
                0x00007a58                __floatdidf
                0x00007a58                __aeabi_l2d
 .text          0x00007ab4      0x424 c:/bin/lpcxpresso_8.0.0_526/lpcxpresso/tools/bin/../lib/gcc/arm-none-eabi/4.9.3/armv7-m\libgcc.a(_arm_muldivdf3.o)
                0x00007ab4                __aeabi_dmul
                0x00007ab4                __muldf3
                0x00007d08                __divdf3
                0x00007d08                __aeabi_ddiv
 .text          0x00007ed8      0x110 c:/bin/lpcxpresso_8.0.0_526/lpcxpresso/tools/bin/../lib/gcc/arm-none-eabi/4.9.3/armv7-m\libgcc.a(_arm_cmpdf2.o)
                0x00007ed8                __gtdf2
                0x00007ed8                __gedf2
                0x00007ee0                __ltdf2
                0x00007ee0                __ledf2
                0x00007ee8                __nedf2
                0x00007ee8                __eqdf2
                0x00007ee8                __cmpdf2
                0x00007f64                __aeabi_cdrcmple
                0x00007f74                __aeabi_cdcmpeq
                0x00007f74                __aeabi_cdcmple
                0x00007f84                __aeabi_dcmpeq
                0x00007f98                __aeabi_dcmplt
                0x00007fac                __aeabi_dcmple
                0x00007fc0                __aeabi_dcmpge
                0x00007fd4                __aeabi_dcmpgt
 .text          0x00007fe8       0x50 c:/bin/lpcxpresso_8.0.0_526/lpcxpresso/tools/bin/../lib/gcc/arm-none-eabi/4.9.3/armv7-m\libgcc.a(_arm_fixdfsi.o)
                0x00007fe8                __aeabi_d2iz
                0x00007fe8                __fixdfsi
 .text.__errno  0x00008038        0xc c:/bin/lpcxpresso_8.0.0_526/lpcxpresso/tools/bin/../lib/gcc/arm-none-eabi/4.9.3/../../../../arm-none-eabi/lib/armv7-m\libc.a(lib_a-errno.o)
                0x00008038                __errno
 *(.rodata .rodata.* .constdata .constdata.*)
 *fill*         0x00008044        0x4 
 .rodata._ZTV10SerialPort
                0x00008048       0x10 ./src/SerialPort.o
                0x00008048                vtable for SerialPort
 .rodata        0x00008058       0x2a ./src/uart_test.o
 *fill*         0x00008082        0x2 
 .rodata.OscRateIn
                0x00008084        0x4 C:\Users\krl\Documents\metropolia\kurssit\2016\k16_embedded_systems_programming\test\lpc_board_nxp_lpcxpresso_1549\Debug\liblpc_board_nxp_lpcxpresso_1549.a(board.o)
                0x00008084                OscRateIn
 .rodata.RTCOscRateIn
                0x00008088        0x4 C:\Users\krl\Documents\metropolia\kurssit\2016\k16_embedded_systems_programming\test\lpc_board_nxp_lpcxpresso_1549\Debug\liblpc_board_nxp_lpcxpresso_1549.a(board.o)
                0x00008088                RTCOscRateIn
 .rodata.ledpins
                0x0000808c        0x3 C:\Users\krl\Documents\metropolia\kurssit\2016\k16_embedded_systems_programming\test\lpc_board_nxp_lpcxpresso_1549\Debug\liblpc_board_nxp_lpcxpresso_1549.a(board.o)
 *fill*         0x0000808f        0x1 
 .rodata.ledports
                0x00008090        0x3 C:\Users\krl\Documents\metropolia\kurssit\2016\k16_embedded_systems_programming\test\lpc_board_nxp_lpcxpresso_1549\Debug\liblpc_board_nxp_lpcxpresso_1549.a(board.o)
 *fill*         0x00008093        0x1 
 .rodata.ioconSetup
                0x00008094       0x74 C:\Users\krl\Documents\metropolia\kurssit\2016\k16_embedded_systems_programming\test\lpc_board_nxp_lpcxpresso_1549\Debug\liblpc_board_nxp_lpcxpresso_1549.a(board_sysinit.o)
 .rodata.swmSetup
                0x00008108        0x6 C:\Users\krl\Documents\metropolia\kurssit\2016\k16_embedded_systems_programming\test\lpc_board_nxp_lpcxpresso_1549\Debug\liblpc_board_nxp_lpcxpresso_1549.a(board_sysinit.o)
 *fill*         0x0000810e        0x2 
 .rodata.zeroes.6926
                0x00008110       0x10 c:/bin/lpcxpresso_8.0.0_526/lpcxpresso/tools/bin/../lib/gcc/arm-none-eabi/4.9.3/../../../../arm-none-eabi/lib/armv7-m\libc.a(lib_a-vfprintf.o)
 .rodata.str1.4
                0x00008120       0x42 c:/bin/lpcxpresso_8.0.0_526/lpcxpresso/tools/bin/../lib/gcc/arm-none-eabi/4.9.3/../../../../arm-none-eabi/lib/armv7-m\libc.a(lib_a-vfprintf.o)
 *fill*         0x00008162        0x2 
 .rodata.blanks.6925
                0x00008164       0x10 c:/bin/lpcxpresso_8.0.0_526/lpcxpresso/tools/bin/../lib/gcc/arm-none-eabi/4.9.3/../../../../arm-none-eabi/lib/armv7-m\libc.a(lib_a-vfprintf.o)
 .rodata.str1.4
                0x00008174       0x10 c:/bin/lpcxpresso_8.0.0_526/lpcxpresso/tools/bin/../lib/gcc/arm-none-eabi/4.9.3/../../../../arm-none-eabi/lib/armv7-m\libc.a(lib_a-dtoa.o)
                                 0x12 (size before relaxing)
 .rodata.str1.4
                0x00008184        0x2 c:/bin/lpcxpresso_8.0.0_526/lpcxpresso/tools/bin/../lib/gcc/arm-none-eabi/4.9.3/../../../../arm-none-eabi/lib/armv7-m\libc.a(lib_a-impure.o)
 *fill*         0x00008186        0x2 
 .rodata.str1.4
                0x00008188        0xc c:/bin/lpcxpresso_8.0.0_526/lpcxpresso/tools/bin/../lib/gcc/arm-none-eabi/4.9.3/../../../../arm-none-eabi/lib/armv7-m\libc.a(lib_a-locale.o)
                                 0x12 (size before relaxing)
 *fill*         0x00008194        0x4 
 .rodata.__mprec_tens
                0x00008198       0xc8 c:/bin/lpcxpresso_8.0.0_526/lpcxpresso/tools/bin/../lib/gcc/arm-none-eabi/4.9.3/../../../../arm-none-eabi/lib/armv7-m\libc.a(lib_a-mprec.o)
                0x00008198                __mprec_tens
 .rodata.p05.5302
                0x00008260        0xc c:/bin/lpcxpresso_8.0.0_526/lpcxpresso/tools/bin/../lib/gcc/arm-none-eabi/4.9.3/../../../../arm-none-eabi/lib/armv7-m\libc.a(lib_a-mprec.o)
 *fill*         0x0000826c        0x4 
 .rodata.__mprec_bigtens
                0x00008270       0x28 c:/bin/lpcxpresso_8.0.0_526/lpcxpresso/tools/bin/../lib/gcc/arm-none-eabi/4.9.3/../../../../arm-none-eabi/lib/armv7-m\libc.a(lib_a-mprec.o)
                0x00008270                __mprec_bigtens
                0x00008298                . = ALIGN (0x4)
                0x00008298                . = ALIGN (0x4)
 *(.init)
 .init          0x00008298        0x4 c:/bin/lpcxpresso_8.0.0_526/lpcxpresso/tools/bin/../lib/gcc/arm-none-eabi/4.9.3/armv7-m\crti.o
                0x00008298                _init
 .init          0x0000829c        0x8 c:/bin/lpcxpresso_8.0.0_526/lpcxpresso/tools/bin/../lib/gcc/arm-none-eabi/4.9.3/armv7-m\crtn.o
                0x000082a4                . = ALIGN (0x4)
                0x000082a4                __preinit_array_start = .
 *(.preinit_array)
                0x000082a4                __preinit_array_end = .
                0x000082a4                . = ALIGN (0x4)
                0x000082a4                __init_array_start = .
 *(SORT(.init_array.*))
 *(.init_array)
 .init_array    0x000082a4        0x4 c:/bin/lpcxpresso_8.0.0_526/lpcxpresso/tools/bin/../lib/gcc/arm-none-eabi/4.9.3/armv7-m\crtbegin.o
                0x000082a8                __init_array_end = .
 *(.fini)
 .fini          0x000082a8        0x4 c:/bin/lpcxpresso_8.0.0_526/lpcxpresso/tools/bin/../lib/gcc/arm-none-eabi/4.9.3/armv7-m\crti.o
                0x000082a8                _fini
 .fini          0x000082ac        0x8 c:/bin/lpcxpresso_8.0.0_526/lpcxpresso/tools/bin/../lib/gcc/arm-none-eabi/4.9.3/armv7-m\crtn.o
                0x000082b4                . = ALIGN (0x4)
 *crtbegin.o(.ctors)
 *(EXCLUDE_FILE(*crtend.o) .ctors)
 *(SORT(.ctors.*))
 *crtend.o(.ctors)
                0x000082b4                . = ALIGN (0x4)
 *crtbegin.o(.dtors)
 *(EXCLUDE_FILE(*crtend.o) .dtors)
 *(SORT(.dtors.*))
 *crtend.o(.dtors)
                0x000082b4                . = ALIGN (0x4)

.glue_7         0x000082b4        0x0
 .glue_7        0x00000000        0x0 linker stubs

.glue_7t        0x000082b4        0x0
 .glue_7t       0x00000000        0x0 linker stubs

.vfp11_veneer   0x000082b4        0x0
 .vfp11_veneer  0x00000000        0x0 linker stubs

.v4_bx          0x000082b4        0x0
 .v4_bx         0x00000000        0x0 linker stubs

.iplt           0x000082b4        0x0
 .iplt          0x00000000        0x0 ./src/ModbusMaster.o

.ARM.extab
 *(.ARM.extab* .gnu.linkonce.armextab.*)
                0x000082b4                __exidx_start = .

.ARM.exidx      0x000082b4        0x8
 *(.ARM.exidx* .gnu.linkonce.armexidx.*)
 .ARM.exidx     0x000082b4        0x8 c:/bin/lpcxpresso_8.0.0_526/lpcxpresso/tools/bin/../lib/gcc/arm-none-eabi/4.9.3/armv7-m\libgcc.a(_divdi3.o)
 .ARM.exidx     0x000082bc        0x0 c:/bin/lpcxpresso_8.0.0_526/lpcxpresso/tools/bin/../lib/gcc/arm-none-eabi/4.9.3/armv7-m\libgcc.a(_udivdi3.o)
                                  0x8 (size before relaxing)
                0x000082bc                __exidx_end = .
                0x000082bc                _etext = .

.rel.dyn        0x000082bc        0x0
 .rel.iplt      0x00000000        0x0 ./src/ModbusMaster.o

.eh_frame       0x000082bc        0x0
 .eh_frame      0x000082bc        0x0 c:/bin/lpcxpresso_8.0.0_526/lpcxpresso/tools/bin/../lib/gcc/arm-none-eabi/4.9.3/armv7-m\crtbegin.o

.data_RAM2      0x02004000        0x0 load address 0x000082bc
 FILL mask 0xff
                0x02004000                PROVIDE (__start_data_RAM2, .)
 *(.ramfunc.$RAM2)
 *(.ramfunc.$Ram1_16)
 *(.data.$RAM2*)
 *(.data.$Ram1_16*)
                0x02004000                . = ALIGN (0x4)
                0x02004000                PROVIDE (__end_data_RAM2, .)

.data_RAM3      0x02008000        0x0 load address 0x000082bc
 FILL mask 0xff
                0x02008000                PROVIDE (__start_data_RAM3, .)
 *(.ramfunc.$RAM3)
 *(.ramfunc.$Ram2_4)
 *(.data.$RAM3*)
 *(.data.$Ram2_4*)
                0x02008000                . = ALIGN (0x4)
                0x02008000                PROVIDE (__end_data_RAM3, .)

.uninit_RESERVED
                0x02000000        0x0
 *(.bss.$RESERVED*)
                0x02000000                . = ALIGN (0x4)
                0x02000000                _end_uninit_RESERVED = .

.data           0x02000000      0x8a4 load address 0x000082bc
 FILL mask 0xff
                0x02000000                _data = .
 *(vtable)
 *(.ramfunc*)
 *(.data*)
 .data.ITM_RxBuffer
                0x02000000        0x4 ./src/retarget_itm.o
                0x02000000                ITM_RxBuffer
 .data.__malloc_av_
                0x02000004      0x408 c:/bin/lpcxpresso_8.0.0_526/lpcxpresso/tools/bin/../lib/gcc/arm-none-eabi/4.9.3/../../../../arm-none-eabi/lib/armv7-m\libc.a(lib_a-mallocr.o)
                0x02000004                __malloc_av_
 .data.__malloc_trim_threshold
                0x0200040c        0x4 c:/bin/lpcxpresso_8.0.0_526/lpcxpresso/tools/bin/../lib/gcc/arm-none-eabi/4.9.3/../../../../arm-none-eabi/lib/armv7-m\libc.a(lib_a-mallocr.o)
                0x0200040c                __malloc_trim_threshold
 .data.__malloc_sbrk_base
                0x02000410        0x4 c:/bin/lpcxpresso_8.0.0_526/lpcxpresso/tools/bin/../lib/gcc/arm-none-eabi/4.9.3/../../../../arm-none-eabi/lib/armv7-m\libc.a(lib_a-mallocr.o)
                0x02000410                __malloc_sbrk_base
 *fill*         0x02000414        0x4 
 .data.impure_data
                0x02000418      0x428 c:/bin/lpcxpresso_8.0.0_526/lpcxpresso/tools/bin/../lib/gcc/arm-none-eabi/4.9.3/../../../../arm-none-eabi/lib/armv7-m\libc.a(lib_a-impure.o)
 .data._impure_ptr
                0x02000840        0x4 c:/bin/lpcxpresso_8.0.0_526/lpcxpresso/tools/bin/../lib/gcc/arm-none-eabi/4.9.3/../../../../arm-none-eabi/lib/armv7-m\libc.a(lib_a-impure.o)
                0x02000840                _impure_ptr
 .data.lconv    0x02000844       0x38 c:/bin/lpcxpresso_8.0.0_526/lpcxpresso/tools/bin/../lib/gcc/arm-none-eabi/4.9.3/../../../../arm-none-eabi/lib/armv7-m\libc.a(lib_a-locale.o)
 .data.lc_ctype_charset
                0x0200087c       0x20 c:/bin/lpcxpresso_8.0.0_526/lpcxpresso/tools/bin/../lib/gcc/arm-none-eabi/4.9.3/../../../../arm-none-eabi/lib/armv7-m\libc.a(lib_a-locale.o)
 .data.__mb_cur_max
                0x0200089c        0x4 c:/bin/lpcxpresso_8.0.0_526/lpcxpresso/tools/bin/../lib/gcc/arm-none-eabi/4.9.3/../../../../arm-none-eabi/lib/armv7-m\libc.a(lib_a-locale.o)
                0x0200089c                __mb_cur_max
 .data.__wctomb
                0x020008a0        0x4 c:/bin/lpcxpresso_8.0.0_526/lpcxpresso/tools/bin/../lib/gcc/arm-none-eabi/4.9.3/../../../../arm-none-eabi/lib/armv7-m\libc.a(lib_a-wctomb_r.o)
                0x020008a0                __wctomb
                0x020008a4                . = ALIGN (0x4)
                0x020008a4                _edata = .

.igot.plt       0x020008a4        0x0 load address 0x00008b60
 .igot.plt      0x00000000        0x0 ./src/ModbusMaster.o

.jcr            0x020008a4        0x0 load address 0x00008b60
 .jcr           0x020008a4        0x0 c:/bin/lpcxpresso_8.0.0_526/lpcxpresso/tools/bin/../lib/gcc/arm-none-eabi/4.9.3/armv7-m\crtbegin.o

.bss_RAM2       0x02004000        0x0
                0x02004000                PROVIDE (__start_bss_RAM2, .)
 *(.bss.$RAM2*)
 *(.bss.$Ram1_16*)
                0x02004000                . = ALIGN ((. != 0x0)?0x4:0x1)
                0x02004000                PROVIDE (__end_bss_RAM2, .)

.bss_RAM3       0x02008000        0x0
                0x02008000                PROVIDE (__start_bss_RAM3, .)
 *(.bss.$RAM3*)
 *(.bss.$Ram2_4*)
                0x02008000                . = ALIGN ((. != 0x0)?0x4:0x1)
                0x02008000                PROVIDE (__end_bss_RAM3, .)

.bss            0x020008a4       0x70
                0x020008a4                _bss = .
 *(.bss*)
 .bss._ZL7rxring1
                0x020008a4        0x4 ./src/SerialPort.o
 .bss._ZL7txring1
                0x020008a8        0x4 ./src/SerialPort.o
 .bss._ZL7counter
                0x020008ac        0x4 ./src/uart_test.o
 .bss._ZL8systicks
                0x020008b0        0x4 ./src/uart_test.o
 .bss._ZZ4mainE1i
                0x020008b4        0x4 ./src/uart_test.o
 .bss.__malloc_max_total_mem
                0x020008b8        0x4 c:/bin/lpcxpresso_8.0.0_526/lpcxpresso/tools/bin/../lib/gcc/arm-none-eabi/4.9.3/../../../../arm-none-eabi/lib/armv7-m\libc.a(lib_a-mallocr.o)
                0x020008b8                __malloc_max_total_mem
 .bss.__malloc_max_sbrked_mem
                0x020008bc        0x4 c:/bin/lpcxpresso_8.0.0_526/lpcxpresso/tools/bin/../lib/gcc/arm-none-eabi/4.9.3/../../../../arm-none-eabi/lib/armv7-m\libc.a(lib_a-mallocr.o)
                0x020008bc                __malloc_max_sbrked_mem
 .bss.__malloc_top_pad
                0x020008c0        0x4 c:/bin/lpcxpresso_8.0.0_526/lpcxpresso/tools/bin/../lib/gcc/arm-none-eabi/4.9.3/../../../../arm-none-eabi/lib/armv7-m\libc.a(lib_a-mallocr.o)
                0x020008c0                __malloc_top_pad
 .bss.__malloc_current_mallinfo
                0x020008c4       0x28 c:/bin/lpcxpresso_8.0.0_526/lpcxpresso/tools/bin/../lib/gcc/arm-none-eabi/4.9.3/../../../../arm-none-eabi/lib/armv7-m\libc.a(lib_a-mallocr.o)
                0x020008c4                __malloc_current_mallinfo
 .bss           0x020008ec       0x1c c:/bin/lpcxpresso_8.0.0_526/lpcxpresso/tools/bin/../lib/gcc/arm-none-eabi/4.9.3/armv7-m\crtbegin.o
 *(COMMON)
 COMMON         0x02000908        0x4 C:\Users\krl\Documents\metropolia\kurssit\2016\k16_embedded_systems_programming\test\lpc_chip_15xx\Debug\liblpc_chip_15xx.a(chip_15xx.o)
                0x02000908                SystemCoreClock
 COMMON         0x0200090c        0x4 c:/bin/lpcxpresso_8.0.0_526/lpcxpresso/tools/bin/../lib/gcc/arm-none-eabi/4.9.3/../../../../arm-none-eabi/lib/armv7-m\libc.a(lib_a-reent.o)
                0x0200090c                errno
 COMMON         0x02000910        0x4 c:/bin/lpcxpresso_8.0.0_526/lpcxpresso/tools/bin/../lib/gcc/arm-none-eabi/4.9.3/../../../../arm-none-eabi/lib/armv7-m\libcr_newlib_nohost.a(_cr_sbrk.o)
                0x02000910                __end_of_heap
                0x02000914                . = ALIGN (0x4)
                0x02000914                _ebss = .
                0x02000914                PROVIDE (end, .)

.noinit_RAM2    0x02004000        0x0
 *(.noinit.$RAM2*)
 *(.noinit.$Ram1_16*)
                0x02004000                . = ALIGN (0x4)

.noinit_RAM3    0x02008000        0x0
 *(.noinit.$RAM3*)
 *(.noinit.$Ram2_4*)
                0x02008000                . = ALIGN (0x4)

.noinit         0x02000914        0x0
                0x02000914                _noinit = .
 *(.noinit*)
                0x02000914                . = ALIGN (0x4)
                0x02000914                _end_noinit = .
                0x02000914                PROVIDE (_pvHeapStart, DEFINED (__user_heap_base)?__user_heap_base:.)
                0x02004000                PROVIDE (_vStackTop, DEFINED (__user_stack_top)?__user_stack_top:(__top_Ram0_16 - 0x0))
                0xfdffb2b6                PROVIDE (__valid_user_code_checksum, (0x0 - ((((((_vStackTop + (ResetISR + 0x1)) + (NMI_Handler + 0x1)) + (HardFault_Handler + 0x1)) + (DEFINED (MemManage_Handler)?MemManage_Handler:0x0 + 0x1)) + (DEFINED (BusFault_Handler)?BusFault_Handler:0x0 + 0x1)) + (DEFINED (UsageFault_Handler)?UsageFault_Handler:0x0 + 0x1))))
OUTPUT(uart_test.axf elf32-littlearm)

.debug_info     0x00000000     0xa254
 .debug_info    0x00000000     0x11cf ./src/ModbusMaster.o
 .debug_info    0x000011cf      0xd10 ./src/SerialPort.o
 .debug_info    0x00001edf      0x1aa ./src/cr_cpp_config.o
 .debug_info    0x00002089      0x29a ./src/cr_startup_lpc15xx.o
 .debug_info    0x00002323      0x18f ./src/retarget_itm.o
 .debug_info    0x000024b2       0xe7 ./src/sysinit.o
 .debug_info    0x00002599     0x2080 ./src/uart_test.o
 .debug_info    0x00004619      0xac8 C:\Users\krl\Documents\metropolia\kurssit\2016\k16_embedded_systems_programming\test\lpc_board_nxp_lpcxpresso_1549\Debug\liblpc_board_nxp_lpcxpresso_1549.a(board.o)
 .debug_info    0x000050e1      0xc94 C:\Users\krl\Documents\metropolia\kurssit\2016\k16_embedded_systems_programming\test\lpc_board_nxp_lpcxpresso_1549\Debug\liblpc_board_nxp_lpcxpresso_1549.a(board_sysinit.o)
 .debug_info    0x00005d75      0x965 C:\Users\krl\Documents\metropolia\kurssit\2016\k16_embedded_systems_programming\test\lpc_chip_15xx\Debug\liblpc_chip_15xx.a(chip_15xx.o)
 .debug_info    0x000066da      0xd12 C:\Users\krl\Documents\metropolia\kurssit\2016\k16_embedded_systems_programming\test\lpc_chip_15xx\Debug\liblpc_chip_15xx.a(clock_15xx.o)
 .debug_info    0x000073ec      0x612 C:\Users\krl\Documents\metropolia\kurssit\2016\k16_embedded_systems_programming\test\lpc_chip_15xx\Debug\liblpc_chip_15xx.a(gpio_15xx.o)
 .debug_info    0x000079fe      0x1f4 C:\Users\krl\Documents\metropolia\kurssit\2016\k16_embedded_systems_programming\test\lpc_chip_15xx\Debug\liblpc_chip_15xx.a(iocon_15xx.o)
 .debug_info    0x00007bf2      0x344 C:\Users\krl\Documents\metropolia\kurssit\2016\k16_embedded_systems_programming\test\lpc_chip_15xx\Debug\liblpc_chip_15xx.a(ring_buffer.o)
 .debug_info    0x00007f36      0x626 C:\Users\krl\Documents\metropolia\kurssit\2016\k16_embedded_systems_programming\test\lpc_chip_15xx\Debug\liblpc_chip_15xx.a(swm_15xx.o)
 .debug_info    0x0000855c      0x738 C:\Users\krl\Documents\metropolia\kurssit\2016\k16_embedded_systems_programming\test\lpc_chip_15xx\Debug\liblpc_chip_15xx.a(sysctl_15xx.o)
 .debug_info    0x00008c94      0x70b C:\Users\krl\Documents\metropolia\kurssit\2016\k16_embedded_systems_programming\test\lpc_chip_15xx\Debug\liblpc_chip_15xx.a(sysinit_15xx.o)
 .debug_info    0x0000939f      0x8cb C:\Users\krl\Documents\metropolia\kurssit\2016\k16_embedded_systems_programming\test\lpc_chip_15xx\Debug\liblpc_chip_15xx.a(uart_15xx.o)
 .debug_info    0x00009c6a      0x12d c:/bin/lpcxpresso_8.0.0_526/lpcxpresso/tools/bin/../lib/gcc/arm-none-eabi/4.9.3/../../../../arm-none-eabi/lib/armv7-m\libcr_newlib_nohost.a(_cr_sbrk.o)
 .debug_info    0x00009d97       0xae c:/bin/lpcxpresso_8.0.0_526/lpcxpresso/tools/bin/../lib/gcc/arm-none-eabi/4.9.3/../../../../arm-none-eabi/lib/armv7-m\libcr_newlib_nohost.a(close.o)
 .debug_info    0x00009e45      0x22d c:/bin/lpcxpresso_8.0.0_526/lpcxpresso/tools/bin/../lib/gcc/arm-none-eabi/4.9.3/../../../../arm-none-eabi/lib/armv7-m\libcr_newlib_nohost.a(fstat.o)
 .debug_info    0x0000a072       0xae c:/bin/lpcxpresso_8.0.0_526/lpcxpresso/tools/bin/../lib/gcc/arm-none-eabi/4.9.3/../../../../arm-none-eabi/lib/armv7-m\libcr_newlib_nohost.a(isatty.o)
 .debug_info    0x0000a120       0xca c:/bin/lpcxpresso_8.0.0_526/lpcxpresso/tools/bin/../lib/gcc/arm-none-eabi/4.9.3/../../../../arm-none-eabi/lib/armv7-m\libcr_newlib_nohost.a(lseek.o)
 .debug_info    0x0000a1ea       0x6a c:/bin/lpcxpresso_8.0.0_526/lpcxpresso/tools/bin/../lib/gcc/arm-none-eabi/4.9.3/../../../../arm-none-eabi/lib/armv7-m\libcr_newlib_nohost.a(_cr_check_heap.o)

.debug_abbrev   0x00000000     0x22df
 .debug_abbrev  0x00000000      0x2fe ./src/ModbusMaster.o
 .debug_abbrev  0x000002fe      0x353 ./src/SerialPort.o
 .debug_abbrev  0x00000651       0xf4 ./src/cr_cpp_config.o
 .debug_abbrev  0x00000745       0xf0 ./src/cr_startup_lpc15xx.o
 .debug_abbrev  0x00000835       0xad ./src/retarget_itm.o
 .debug_abbrev  0x000008e2       0x82 ./src/sysinit.o
 .debug_abbrev  0x00000964      0x447 ./src/uart_test.o
 .debug_abbrev  0x00000dab      0x20a C:\Users\krl\Documents\metropolia\kurssit\2016\k16_embedded_systems_programming\test\lpc_board_nxp_lpcxpresso_1549\Debug\liblpc_board_nxp_lpcxpresso_1549.a(board.o)
 .debug_abbrev  0x00000fb5      0x202 C:\Users\krl\Documents\metropolia\kurssit\2016\k16_embedded_systems_programming\test\lpc_board_nxp_lpcxpresso_1549\Debug\liblpc_board_nxp_lpcxpresso_1549.a(board_sysinit.o)
 .debug_abbrev  0x000011b7      0x1ad C:\Users\krl\Documents\metropolia\kurssit\2016\k16_embedded_systems_programming\test\lpc_chip_15xx\Debug\liblpc_chip_15xx.a(chip_15xx.o)
 .debug_abbrev  0x00001364      0x281 C:\Users\krl\Documents\metropolia\kurssit\2016\k16_embedded_systems_programming\test\lpc_chip_15xx\Debug\liblpc_chip_15xx.a(clock_15xx.o)
 .debug_abbrev  0x000015e5      0x166 C:\Users\krl\Documents\metropolia\kurssit\2016\k16_embedded_systems_programming\test\lpc_chip_15xx\Debug\liblpc_chip_15xx.a(gpio_15xx.o)
 .debug_abbrev  0x0000174b      0x137 C:\Users\krl\Documents\metropolia\kurssit\2016\k16_embedded_systems_programming\test\lpc_chip_15xx\Debug\liblpc_chip_15xx.a(iocon_15xx.o)
 .debug_abbrev  0x00001882      0x12d C:\Users\krl\Documents\metropolia\kurssit\2016\k16_embedded_systems_programming\test\lpc_chip_15xx\Debug\liblpc_chip_15xx.a(ring_buffer.o)
 .debug_abbrev  0x000019af      0x13c C:\Users\krl\Documents\metropolia\kurssit\2016\k16_embedded_systems_programming\test\lpc_chip_15xx\Debug\liblpc_chip_15xx.a(swm_15xx.o)
 .debug_abbrev  0x00001aeb      0x129 C:\Users\krl\Documents\metropolia\kurssit\2016\k16_embedded_systems_programming\test\lpc_chip_15xx\Debug\liblpc_chip_15xx.a(sysctl_15xx.o)
 .debug_abbrev  0x00001c14      0x186 C:\Users\krl\Documents\metropolia\kurssit\2016\k16_embedded_systems_programming\test\lpc_chip_15xx\Debug\liblpc_chip_15xx.a(sysinit_15xx.o)
 .debug_abbrev  0x00001d9a      0x1e2 C:\Users\krl\Documents\metropolia\kurssit\2016\k16_embedded_systems_programming\test\lpc_chip_15xx\Debug\liblpc_chip_15xx.a(uart_15xx.o)
 .debug_abbrev  0x00001f7c       0xf6 c:/bin/lpcxpresso_8.0.0_526/lpcxpresso/tools/bin/../lib/gcc/arm-none-eabi/4.9.3/../../../../arm-none-eabi/lib/armv7-m\libcr_newlib_nohost.a(_cr_sbrk.o)
 .debug_abbrev  0x00002072       0x66 c:/bin/lpcxpresso_8.0.0_526/lpcxpresso/tools/bin/../lib/gcc/arm-none-eabi/4.9.3/../../../../arm-none-eabi/lib/armv7-m\libcr_newlib_nohost.a(close.o)
 .debug_abbrev  0x000020d8       0xbb c:/bin/lpcxpresso_8.0.0_526/lpcxpresso/tools/bin/../lib/gcc/arm-none-eabi/4.9.3/../../../../arm-none-eabi/lib/armv7-m\libcr_newlib_nohost.a(fstat.o)
 .debug_abbrev  0x00002193       0x66 c:/bin/lpcxpresso_8.0.0_526/lpcxpresso/tools/bin/../lib/gcc/arm-none-eabi/4.9.3/../../../../arm-none-eabi/lib/armv7-m\libcr_newlib_nohost.a(isatty.o)
 .debug_abbrev  0x000021f9       0x84 c:/bin/lpcxpresso_8.0.0_526/lpcxpresso/tools/bin/../lib/gcc/arm-none-eabi/4.9.3/../../../../arm-none-eabi/lib/armv7-m\libcr_newlib_nohost.a(lseek.o)
 .debug_abbrev  0x0000227d       0x62 c:/bin/lpcxpresso_8.0.0_526/lpcxpresso/tools/bin/../lib/gcc/arm-none-eabi/4.9.3/../../../../arm-none-eabi/lib/armv7-m\libcr_newlib_nohost.a(_cr_check_heap.o)

.debug_aranges  0x00000000      0x988
 .debug_aranges
                0x00000000      0x160 ./src/ModbusMaster.o
 .debug_aranges
                0x00000160       0xb8 ./src/SerialPort.o
 .debug_aranges
                0x00000218       0x48 ./src/cr_cpp_config.o
 .debug_aranges
                0x00000260       0x80 ./src/cr_startup_lpc15xx.o
 .debug_aranges
                0x000002e0       0x28 ./src/retarget_itm.o
 .debug_aranges
                0x00000308       0x20 ./src/sysinit.o
 .debug_aranges
                0x00000328       0x50 ./src/uart_test.o
 .debug_aranges
                0x00000378       0xd0 C:\Users\krl\Documents\metropolia\kurssit\2016\k16_embedded_systems_programming\test\lpc_board_nxp_lpcxpresso_1549\Debug\liblpc_board_nxp_lpcxpresso_1549.a(board.o)
 .debug_aranges
                0x00000448       0x60 C:\Users\krl\Documents\metropolia\kurssit\2016\k16_embedded_systems_programming\test\lpc_board_nxp_lpcxpresso_1549\Debug\liblpc_board_nxp_lpcxpresso_1549.a(board_sysinit.o)
 .debug_aranges
                0x000004a8       0x50 C:\Users\krl\Documents\metropolia\kurssit\2016\k16_embedded_systems_programming\test\lpc_chip_15xx\Debug\liblpc_chip_15xx.a(chip_15xx.o)
 .debug_aranges
                0x000004f8      0x128 C:\Users\krl\Documents\metropolia\kurssit\2016\k16_embedded_systems_programming\test\lpc_chip_15xx\Debug\liblpc_chip_15xx.a(clock_15xx.o)
 .debug_aranges
                0x00000620       0x70 C:\Users\krl\Documents\metropolia\kurssit\2016\k16_embedded_systems_programming\test\lpc_chip_15xx\Debug\liblpc_chip_15xx.a(gpio_15xx.o)
 .debug_aranges
                0x00000690       0x28 C:\Users\krl\Documents\metropolia\kurssit\2016\k16_embedded_systems_programming\test\lpc_chip_15xx\Debug\liblpc_chip_15xx.a(iocon_15xx.o)
 .debug_aranges
                0x000006b8       0x60 C:\Users\krl\Documents\metropolia\kurssit\2016\k16_embedded_systems_programming\test\lpc_chip_15xx\Debug\liblpc_chip_15xx.a(ring_buffer.o)
 .debug_aranges
                0x00000718       0x40 C:\Users\krl\Documents\metropolia\kurssit\2016\k16_embedded_systems_programming\test\lpc_chip_15xx\Debug\liblpc_chip_15xx.a(swm_15xx.o)
 .debug_aranges
                0x00000758       0x50 C:\Users\krl\Documents\metropolia\kurssit\2016\k16_embedded_systems_programming\test\lpc_chip_15xx\Debug\liblpc_chip_15xx.a(sysctl_15xx.o)
 .debug_aranges
                0x000007a8       0x58 C:\Users\krl\Documents\metropolia\kurssit\2016\k16_embedded_systems_programming\test\lpc_chip_15xx\Debug\liblpc_chip_15xx.a(sysinit_15xx.o)
 .debug_aranges
                0x00000800       0xc8 C:\Users\krl\Documents\metropolia\kurssit\2016\k16_embedded_systems_programming\test\lpc_chip_15xx\Debug\liblpc_chip_15xx.a(uart_15xx.o)
 .debug_aranges
                0x000008c8       0x20 c:/bin/lpcxpresso_8.0.0_526/lpcxpresso/tools/bin/../lib/gcc/arm-none-eabi/4.9.3/../../../../arm-none-eabi/lib/armv7-m\libcr_newlib_nohost.a(_cr_sbrk.o)
 .debug_aranges
                0x000008e8       0x20 c:/bin/lpcxpresso_8.0.0_526/lpcxpresso/tools/bin/../lib/gcc/arm-none-eabi/4.9.3/../../../../arm-none-eabi/lib/armv7-m\libcr_newlib_nohost.a(close.o)
 .debug_aranges
                0x00000908       0x20 c:/bin/lpcxpresso_8.0.0_526/lpcxpresso/tools/bin/../lib/gcc/arm-none-eabi/4.9.3/../../../../arm-none-eabi/lib/armv7-m\libcr_newlib_nohost.a(fstat.o)
 .debug_aranges
                0x00000928       0x20 c:/bin/lpcxpresso_8.0.0_526/lpcxpresso/tools/bin/../lib/gcc/arm-none-eabi/4.9.3/../../../../arm-none-eabi/lib/armv7-m\libcr_newlib_nohost.a(isatty.o)
 .debug_aranges
                0x00000948       0x20 c:/bin/lpcxpresso_8.0.0_526/lpcxpresso/tools/bin/../lib/gcc/arm-none-eabi/4.9.3/../../../../arm-none-eabi/lib/armv7-m\libcr_newlib_nohost.a(lseek.o)
 .debug_aranges
                0x00000968       0x20 c:/bin/lpcxpresso_8.0.0_526/lpcxpresso/tools/bin/../lib/gcc/arm-none-eabi/4.9.3/../../../../arm-none-eabi/lib/armv7-m\libcr_newlib_nohost.a(_cr_check_heap.o)

.debug_ranges   0x00000000      0x808
 .debug_ranges  0x00000000      0x150 ./src/ModbusMaster.o
 .debug_ranges  0x00000150       0xa8 ./src/SerialPort.o
 .debug_ranges  0x000001f8       0x38 ./src/cr_cpp_config.o
 .debug_ranges  0x00000230       0x70 ./src/cr_startup_lpc15xx.o
 .debug_ranges  0x000002a0       0x18 ./src/retarget_itm.o
 .debug_ranges  0x000002b8       0x10 ./src/sysinit.o
 .debug_ranges  0x000002c8       0x40 ./src/uart_test.o
 .debug_ranges  0x00000308       0xc0 C:\Users\krl\Documents\metropolia\kurssit\2016\k16_embedded_systems_programming\test\lpc_board_nxp_lpcxpresso_1549\Debug\liblpc_board_nxp_lpcxpresso_1549.a(board.o)
 .debug_ranges  0x000003c8       0x50 C:\Users\krl\Documents\metropolia\kurssit\2016\k16_embedded_systems_programming\test\lpc_board_nxp_lpcxpresso_1549\Debug\liblpc_board_nxp_lpcxpresso_1549.a(board_sysinit.o)
 .debug_ranges  0x00000418       0x40 C:\Users\krl\Documents\metropolia\kurssit\2016\k16_embedded_systems_programming\test\lpc_chip_15xx\Debug\liblpc_chip_15xx.a(chip_15xx.o)
 .debug_ranges  0x00000458      0x118 C:\Users\krl\Documents\metropolia\kurssit\2016\k16_embedded_systems_programming\test\lpc_chip_15xx\Debug\liblpc_chip_15xx.a(clock_15xx.o)
 .debug_ranges  0x00000570       0x60 C:\Users\krl\Documents\metropolia\kurssit\2016\k16_embedded_systems_programming\test\lpc_chip_15xx\Debug\liblpc_chip_15xx.a(gpio_15xx.o)
 .debug_ranges  0x000005d0       0x18 C:\Users\krl\Documents\metropolia\kurssit\2016\k16_embedded_systems_programming\test\lpc_chip_15xx\Debug\liblpc_chip_15xx.a(iocon_15xx.o)
 .debug_ranges  0x000005e8       0x50 C:\Users\krl\Documents\metropolia\kurssit\2016\k16_embedded_systems_programming\test\lpc_chip_15xx\Debug\liblpc_chip_15xx.a(ring_buffer.o)
 .debug_ranges  0x00000638       0x30 C:\Users\krl\Documents\metropolia\kurssit\2016\k16_embedded_systems_programming\test\lpc_chip_15xx\Debug\liblpc_chip_15xx.a(swm_15xx.o)
 .debug_ranges  0x00000668       0x40 C:\Users\krl\Documents\metropolia\kurssit\2016\k16_embedded_systems_programming\test\lpc_chip_15xx\Debug\liblpc_chip_15xx.a(sysctl_15xx.o)
 .debug_ranges  0x000006a8       0x48 C:\Users\krl\Documents\metropolia\kurssit\2016\k16_embedded_systems_programming\test\lpc_chip_15xx\Debug\liblpc_chip_15xx.a(sysinit_15xx.o)
 .debug_ranges  0x000006f0       0xb8 C:\Users\krl\Documents\metropolia\kurssit\2016\k16_embedded_systems_programming\test\lpc_chip_15xx\Debug\liblpc_chip_15xx.a(uart_15xx.o)
 .debug_ranges  0x000007a8       0x10 c:/bin/lpcxpresso_8.0.0_526/lpcxpresso/tools/bin/../lib/gcc/arm-none-eabi/4.9.3/../../../../arm-none-eabi/lib/armv7-m\libcr_newlib_nohost.a(_cr_sbrk.o)
 .debug_ranges  0x000007b8       0x10 c:/bin/lpcxpresso_8.0.0_526/lpcxpresso/tools/bin/../lib/gcc/arm-none-eabi/4.9.3/../../../../arm-none-eabi/lib/armv7-m\libcr_newlib_nohost.a(close.o)
 .debug_ranges  0x000007c8       0x10 c:/bin/lpcxpresso_8.0.0_526/lpcxpresso/tools/bin/../lib/gcc/arm-none-eabi/4.9.3/../../../../arm-none-eabi/lib/armv7-m\libcr_newlib_nohost.a(fstat.o)
 .debug_ranges  0x000007d8       0x10 c:/bin/lpcxpresso_8.0.0_526/lpcxpresso/tools/bin/../lib/gcc/arm-none-eabi/4.9.3/../../../../arm-none-eabi/lib/armv7-m\libcr_newlib_nohost.a(isatty.o)
 .debug_ranges  0x000007e8       0x10 c:/bin/lpcxpresso_8.0.0_526/lpcxpresso/tools/bin/../lib/gcc/arm-none-eabi/4.9.3/../../../../arm-none-eabi/lib/armv7-m\libcr_newlib_nohost.a(lseek.o)
 .debug_ranges  0x000007f8       0x10 c:/bin/lpcxpresso_8.0.0_526/lpcxpresso/tools/bin/../lib/gcc/arm-none-eabi/4.9.3/../../../../arm-none-eabi/lib/armv7-m\libcr_newlib_nohost.a(_cr_check_heap.o)

.debug_macro    0x00000000     0x8aac
 .debug_macro   0x00000000      0x3b3 ./src/ModbusMaster.o
 .debug_macro   0x000003b3      0x8a4 ./src/ModbusMaster.o
 .debug_macro   0x00000c57       0x10 ./src/ModbusMaster.o
 .debug_macro   0x00000c67       0x22 ./src/ModbusMaster.o
 .debug_macro   0x00000c89       0x44 ./src/ModbusMaster.o
 .debug_macro   0x00000ccd       0xe3 ./src/ModbusMaster.o
 .debug_macro   0x00000db0       0x22 ./src/ModbusMaster.o
 .debug_macro   0x00000dd2      0x1df ./src/ModbusMaster.o
 .debug_macro   0x00000fb1       0xef ./src/ModbusMaster.o
 .debug_macro   0x000010a0      0x337 ./src/ModbusMaster.o
 .debug_macro   0x000013d7      0x166 ./src/ModbusMaster.o
 .debug_macro   0x0000153d       0x28 ./src/ModbusMaster.o
 .debug_macro   0x00001565       0x74 ./src/ModbusMaster.o
 .debug_macro   0x000015d9       0x10 ./src/ModbusMaster.o
 .debug_macro   0x000015e9       0x2d ./src/ModbusMaster.o
 .debug_macro   0x00001616       0x3a ./src/ModbusMaster.o
 .debug_macro   0x00001650       0x2d ./src/ModbusMaster.o
 .debug_macro   0x0000167d      0xa7d ./src/ModbusMaster.o
 .debug_macro   0x000020fa      0x1b4 ./src/ModbusMaster.o
 .debug_macro   0x000022ae       0xca ./src/ModbusMaster.o
 .debug_macro   0x00002378       0x11 ./src/ModbusMaster.o
 .debug_macro   0x00002389       0xb2 ./src/ModbusMaster.o
 .debug_macro   0x0000243b       0x70 ./src/ModbusMaster.o
 .debug_macro   0x000024ab       0x46 ./src/ModbusMaster.o
 .debug_macro   0x000024f1       0xd0 ./src/ModbusMaster.o
 .debug_macro   0x000025c1       0x40 ./src/ModbusMaster.o
 .debug_macro   0x00002601      0x233 ./src/ModbusMaster.o
 .debug_macro   0x00002834       0x16 ./src/ModbusMaster.o
 .debug_macro   0x0000284a       0x88 ./src/ModbusMaster.o
 .debug_macro   0x000028d2       0x34 ./src/ModbusMaster.o
 .debug_macro   0x00002906       0x6a ./src/ModbusMaster.o
 .debug_macro   0x00002970       0x40 ./src/ModbusMaster.o
 .debug_macro   0x000029b0       0x1c ./src/ModbusMaster.o
 .debug_macro   0x000029cc       0x16 ./src/ModbusMaster.o
 .debug_macro   0x000029e2      0x10c ./src/ModbusMaster.o
 .debug_macro   0x00002aee      0x2a9 ./src/ModbusMaster.o
 .debug_macro   0x00002d97       0x76 ./src/ModbusMaster.o
 .debug_macro   0x00002e0d       0x22 ./src/ModbusMaster.o
 .debug_macro   0x00002e2f      0x152 ./src/ModbusMaster.o
 .debug_macro   0x00002f81       0x82 ./src/ModbusMaster.o
 .debug_macro   0x00003003       0xe6 ./src/ModbusMaster.o
 .debug_macro   0x000030e9       0x3a ./src/ModbusMaster.o
 .debug_macro   0x00003123       0x34 ./src/ModbusMaster.o
 .debug_macro   0x00003157       0x10 ./src/ModbusMaster.o
 .debug_macro   0x00003167       0x76 ./src/ModbusMaster.o
 .debug_macro   0x000031dd       0x58 ./src/ModbusMaster.o
 .debug_macro   0x00003235      0x2ca ./src/ModbusMaster.o
 .debug_macro   0x000034ff      0x22b ./src/ModbusMaster.o
 .debug_macro   0x0000372a       0x2e ./src/ModbusMaster.o
 .debug_macro   0x00003758       0x34 ./src/ModbusMaster.o
 .debug_macro   0x0000378c       0x58 ./src/ModbusMaster.o
 .debug_macro   0x000037e4       0x35 ./src/ModbusMaster.o
 .debug_macro   0x00003819       0x9c ./src/ModbusMaster.o
 .debug_macro   0x000038b5       0x16 ./src/ModbusMaster.o
 .debug_macro   0x000038cb       0x35 ./src/ModbusMaster.o
 .debug_macro   0x00003900      0x2b2 ./src/ModbusMaster.o
 .debug_macro   0x00003bb2       0x10 ./src/ModbusMaster.o
 .debug_macro   0x00003bc2       0x52 ./src/ModbusMaster.o
 .debug_macro   0x00003c14       0x16 ./src/ModbusMaster.o
 .debug_macro   0x00003c2a       0x43 ./src/ModbusMaster.o
 .debug_macro   0x00003c6d      0x180 ./src/ModbusMaster.o
 .debug_macro   0x00003ded       0x10 ./src/ModbusMaster.o
 .debug_macro   0x00003dfd       0x22 ./src/ModbusMaster.o
 .debug_macro   0x00003e1f       0xbe ./src/ModbusMaster.o
 .debug_macro   0x00003edd       0x16 ./src/ModbusMaster.o
 .debug_macro   0x00003ef3      0x197 ./src/ModbusMaster.o
 .debug_macro   0x0000408a       0x20 ./src/ModbusMaster.o
 .debug_macro   0x000040aa      0x376 ./src/SerialPort.o
 .debug_macro   0x00004420       0x7b ./src/SerialPort.o
 .debug_macro   0x0000449b       0x18 ./src/SerialPort.o
 .debug_macro   0x000044b3       0x97 ./src/SerialPort.o
 .debug_macro   0x0000454a       0xef ./src/SerialPort.o
 .debug_macro   0x00004639       0xe2 ./src/cr_cpp_config.o
 .debug_macro   0x0000471b       0x16 ./src/cr_cpp_config.o
 .debug_macro   0x00004731      0x10e ./src/cr_cpp_config.o
 .debug_macro   0x0000483f       0x7f ./src/cr_cpp_config.o
 .debug_macro   0x000048be       0x4a ./src/cr_cpp_config.o
 .debug_macro   0x00004908       0x16 ./src/cr_cpp_config.o
 .debug_macro   0x0000491e       0x29 ./src/cr_cpp_config.o
 .debug_macro   0x00004947       0x23 ./src/cr_startup_lpc15xx.o
 .debug_macro   0x0000496a       0x90 ./src/retarget_itm.o
 .debug_macro   0x000049fa      0x354 ./src/sysinit.o
 .debug_macro   0x00004d4e       0x22 ./src/sysinit.o
 .debug_macro   0x00004d70      0xa7d ./src/sysinit.o
 .debug_macro   0x000057ed       0x9c ./src/sysinit.o
 .debug_macro   0x00005889       0x97 ./src/sysinit.o
 .debug_macro   0x00005920      0x29d ./src/sysinit.o
 .debug_macro   0x00005bbd       0xef ./src/sysinit.o
 .debug_macro   0x00005cac       0x43 ./src/sysinit.o
 .debug_macro   0x00005cef      0x3db ./src/uart_test.o
 .debug_macro   0x000060ca       0x82 ./src/uart_test.o
 .debug_macro   0x0000614c       0x16 ./src/uart_test.o
 .debug_macro   0x00006162       0x8e ./src/uart_test.o
 .debug_macro   0x000061f0      0x100 ./src/uart_test.o
 .debug_macro   0x000062f0      0x284 C:\Users\krl\Documents\metropolia\kurssit\2016\k16_embedded_systems_programming\test\lpc_board_nxp_lpcxpresso_1549\Debug\liblpc_board_nxp_lpcxpresso_1549.a(board.o)
 .debug_macro   0x00006574      0x874 C:\Users\krl\Documents\metropolia\kurssit\2016\k16_embedded_systems_programming\test\lpc_board_nxp_lpcxpresso_1549\Debug\liblpc_board_nxp_lpcxpresso_1549.a(board.o)
 .debug_macro   0x00006de8       0x10 C:\Users\krl\Documents\metropolia\kurssit\2016\k16_embedded_systems_programming\test\lpc_board_nxp_lpcxpresso_1549\Debug\liblpc_board_nxp_lpcxpresso_1549.a(board.o)
 .debug_macro   0x00006df8      0x12d C:\Users\krl\Documents\metropolia\kurssit\2016\k16_embedded_systems_programming\test\lpc_board_nxp_lpcxpresso_1549\Debug\liblpc_board_nxp_lpcxpresso_1549.a(board.o)
 .debug_macro   0x00006f25      0x5b2 C:\Users\krl\Documents\metropolia\kurssit\2016\k16_embedded_systems_programming\test\lpc_board_nxp_lpcxpresso_1549\Debug\liblpc_board_nxp_lpcxpresso_1549.a(board.o)
 .debug_macro   0x000074d7       0x22 C:\Users\krl\Documents\metropolia\kurssit\2016\k16_embedded_systems_programming\test\lpc_board_nxp_lpcxpresso_1549\Debug\liblpc_board_nxp_lpcxpresso_1549.a(board.o)
 .debug_macro   0x000074f9       0x9a C:\Users\krl\Documents\metropolia\kurssit\2016\k16_embedded_systems_programming\test\lpc_board_nxp_lpcxpresso_1549\Debug\liblpc_board_nxp_lpcxpresso_1549.a(board.o)
 .debug_macro   0x00007593       0x12 C:\Users\krl\Documents\metropolia\kurssit\2016\k16_embedded_systems_programming\test\lpc_board_nxp_lpcxpresso_1549\Debug\liblpc_board_nxp_lpcxpresso_1549.a(board.o)
 .debug_macro   0x000075a5      0x288 C:\Users\krl\Documents\metropolia\kurssit\2016\k16_embedded_systems_programming\test\lpc_board_nxp_lpcxpresso_1549\Debug\liblpc_board_nxp_lpcxpresso_1549.a(board_sysinit.o)
 .debug_macro   0x0000782d      0x239 C:\Users\krl\Documents\metropolia\kurssit\2016\k16_embedded_systems_programming\test\lpc_chip_15xx\Debug\liblpc_chip_15xx.a(chip_15xx.o)
 .debug_macro   0x00007a66      0x239 C:\Users\krl\Documents\metropolia\kurssit\2016\k16_embedded_systems_programming\test\lpc_chip_15xx\Debug\liblpc_chip_15xx.a(clock_15xx.o)
 .debug_macro   0x00007c9f      0x239 C:\Users\krl\Documents\metropolia\kurssit\2016\k16_embedded_systems_programming\test\lpc_chip_15xx\Debug\liblpc_chip_15xx.a(gpio_15xx.o)
 .debug_macro   0x00007ed8      0x239 C:\Users\krl\Documents\metropolia\kurssit\2016\k16_embedded_systems_programming\test\lpc_chip_15xx\Debug\liblpc_chip_15xx.a(iocon_15xx.o)
 .debug_macro   0x00008111       0x83 C:\Users\krl\Documents\metropolia\kurssit\2016\k16_embedded_systems_programming\test\lpc_chip_15xx\Debug\liblpc_chip_15xx.a(ring_buffer.o)
 .debug_macro   0x00008194       0x10 C:\Users\krl\Documents\metropolia\kurssit\2016\k16_embedded_systems_programming\test\lpc_chip_15xx\Debug\liblpc_chip_15xx.a(ring_buffer.o)
 .debug_macro   0x000081a4      0x245 C:\Users\krl\Documents\metropolia\kurssit\2016\k16_embedded_systems_programming\test\lpc_chip_15xx\Debug\liblpc_chip_15xx.a(swm_15xx.o)
 .debug_macro   0x000083e9      0x251 C:\Users\krl\Documents\metropolia\kurssit\2016\k16_embedded_systems_programming\test\lpc_chip_15xx\Debug\liblpc_chip_15xx.a(sysctl_15xx.o)
 .debug_macro   0x0000863a      0x239 C:\Users\krl\Documents\metropolia\kurssit\2016\k16_embedded_systems_programming\test\lpc_chip_15xx\Debug\liblpc_chip_15xx.a(sysinit_15xx.o)